Archive member included to satisfy reference by file (symbol)

../Middlewares/ST/AI/Lib/NetworkRuntime1000_CM4_GCC.a(ai_platform.o)
                              ./X-CUBE-AI/App/machinefailure.o (ai_buffer_array_item_set_address)
../Middlewares/ST/AI/Lib/NetworkRuntime1000_CM4_GCC.a(ai_platform_interface.o)
                              ./X-CUBE-AI/App/machinefailure.o (ai_platform_get_weights_map)
../Middlewares/ST/AI/Lib/NetworkRuntime1000_CM4_GCC.a(core_common.o)
                              ../Middlewares/ST/AI/Lib/NetworkRuntime1000_CM4_GCC.a(ai_platform_interface.o) (core_init)
../Middlewares/ST/AI/Lib/NetworkRuntime1000_CM4_GCC.a(core_mem_manager.o)
                              ../Middlewares/ST/AI/Lib/NetworkRuntime1000_CM4_GCC.a(ai_platform_interface.o) (core_mem_alloc)
../Middlewares/ST/AI/Lib/NetworkRuntime1000_CM4_GCC.a(layers.o)
                              ../Middlewares/ST/AI/Lib/NetworkRuntime1000_CM4_GCC.a(ai_platform_interface.o) (ai_check_custom_types)
../Middlewares/ST/AI/Lib/NetworkRuntime1000_CM4_GCC.a(layers_conv2d_generic_float.o)
                              ./X-CUBE-AI/App/machinefailure.o (forward_dense)
../Middlewares/ST/AI/Lib/NetworkRuntime1000_CM4_GCC.a(layers_nl_generic_float.o)
                              ./X-CUBE-AI/App/machinefailure.o (forward_relu)
../Middlewares/ST/AI/Lib/NetworkRuntime1000_CM4_GCC.a(layers_conv2d_integer_scratch.o)
                              ../Middlewares/ST/AI/Lib/NetworkRuntime1000_CM4_GCC.a(layers.o) (get_conv2d_scratch_size)
../Middlewares/ST/AI/Lib/NetworkRuntime1000_CM4_GCC.a(forward_lite_conv2d_if32of32wf32.o)
                              ../Middlewares/ST/AI/Lib/NetworkRuntime1000_CM4_GCC.a(layers_conv2d_generic_float.o) (forward_lite_conv2d_if32of32wf32)
../Middlewares/ST/AI/Lib/NetworkRuntime1000_CM4_GCC.a(lite_nl_softmax_if32of32.o)
                              ../Middlewares/ST/AI/Lib/NetworkRuntime1000_CM4_GCC.a(layers_nl_generic_float.o) (forward_lite_nl_softmax_if32of32_kernel)
../Middlewares/ST/AI/Lib/NetworkRuntime1000_CM4_GCC.a(lite_nl_relu_if32of32.o)
                              ../Middlewares/ST/AI/Lib/NetworkRuntime1000_CM4_GCC.a(layers_nl_generic_float.o) (forward_lite_nl_prelu_if32of32_kernel)
../Middlewares/ST/AI/Lib/NetworkRuntime1000_CM4_GCC.a(lite_dense_if32.o)
                              ../Middlewares/ST/AI/Lib/NetworkRuntime1000_CM4_GCC.a(layers_conv2d_generic_float.o) (lite_decompress_ilutof32)
../Middlewares/ST/AI/Lib/NetworkRuntime1000_CM4_GCC.a(lite_nl_generic_float.o)
                              ../Middlewares/ST/AI/Lib/NetworkRuntime1000_CM4_GCC.a(layers_nl_generic_float.o) (forward_lite_nl_softmax_if32of32)
../Middlewares/ST/AI/Lib/NetworkRuntime1000_CM4_GCC.a(st_int8_fill.o)
                              ../Middlewares/ST/AI/Lib/NetworkRuntime1000_CM4_GCC.a(ai_platform_interface.o) (st_int8_copy)
../Middlewares/ST/AI/Lib/NetworkRuntime1000_CM4_GCC.a(ai_math_helpers.o)
                              ../Middlewares/ST/AI/Lib/NetworkRuntime1000_CM4_GCC.a(layers_nl_generic_float.o) (ai_math_sqrt)
../Middlewares/ST/AI/Lib/NetworkRuntime1000_CM4_GCC.a(ai_datatypes_format.o)
                              ../Middlewares/ST/AI/Lib/NetworkRuntime1000_CM4_GCC.a(ai_platform_interface.o) (ai_array_to_buffer_fmt)
../Middlewares/ST/AI/Lib/NetworkRuntime1000_CM4_GCC.a(ai_datatypes_internal.o)
                              ../Middlewares/ST/AI/Lib/NetworkRuntime1000_CM4_GCC.a(ai_platform_interface.o) (ai_version_get)
../Middlewares/ST/AI/Lib/NetworkRuntime1000_CM4_GCC.a(ai_math_elementwise_mul_int8.o)
                              ../Middlewares/ST/AI/Lib/NetworkRuntime1000_CM4_GCC.a(ai_math_helpers.o) (ai_math_elementwise_mul_int8)
../Middlewares/ST/AI/Lib/NetworkRuntime1000_CM4_GCC.a(ai_math_elementwise_sum_int8.o)
                              ../Middlewares/ST/AI/Lib/NetworkRuntime1000_CM4_GCC.a(ai_math_helpers.o) (ai_math_elementwise_sum_int8)
../Middlewares/ST/AI/Lib/NetworkRuntime1000_CM4_GCC.a(st_align_factor.o)
                              ../Middlewares/ST/AI/Lib/NetworkRuntime1000_CM4_GCC.a(ai_math_helpers.o) (align_factor)
/Applications/STM32CubeIDE.app/Contents/Eclipse/plugins/com.st.stm32cube.ide.mcu.externaltools.gnu-tools-for-stm32.12.3.rel1.macos64_1.1.0.202410301201/tools/bin/../lib/gcc/arm-none-eabi/12.3.1/../../../../arm-none-eabi/lib/thumb/v7e-m+fp/hard/libc_nano.a(libc_a-exit.o)
                              /Applications/STM32CubeIDE.app/Contents/Eclipse/plugins/com.st.stm32cube.ide.mcu.externaltools.gnu-tools-for-stm32.12.3.rel1.macos64_1.1.0.202410301201/tools/bin/../lib/gcc/arm-none-eabi/12.3.1/../../../../arm-none-eabi/lib/thumb/v7e-m+fp/hard/crt0.o (exit)
/Applications/STM32CubeIDE.app/Contents/Eclipse/plugins/com.st.stm32cube.ide.mcu.externaltools.gnu-tools-for-stm32.12.3.rel1.macos64_1.1.0.202410301201/tools/bin/../lib/gcc/arm-none-eabi/12.3.1/../../../../arm-none-eabi/lib/thumb/v7e-m+fp/hard/libc_nano.a(libc_a-malloc.o)
[...]
Memory Configuration

Name             Origin             Length             Attributes
RAM              0x20000000         0x00030000         xrw
RAM2             0x10000000         0x00010000         xrw
RAM3             0x20040000         0x00060000         xrw
FLASH            0x08000000         0x00200000         xr
*default*        0x00000000         0xffffffff

Linker script and memory map

LOAD /Applications/STM32CubeIDE.app/Contents/Eclipse/plugins/com.st.stm32cube.ide.mcu.externaltools.gnu-tools-for-stm32.12.3.rel1.macos64_1.1.0.202410301201/tools/bin/../lib/gcc/arm-none-eabi/12.3.1/thumb/v7e-m+fp/hard/crti.o
LOAD /Applications/STM32CubeIDE.app/Contents/Eclipse/plugins/com.st.stm32cube.ide.mcu.externaltools.gnu-tools-for-stm32.12.3.rel1.macos64_1.1.0.202410301201/tools/bin/../lib/gcc/arm-none-eabi/12.3.1/thumb/v7e-m+fp/hard/crtbegin.o
LOAD /Applications/STM32CubeIDE.app/Contents/Eclipse/plugins/com.st.stm32cube.ide.mcu.externaltools.gnu-tools-for-stm32.12.3.rel1.macos64_1.1.0.202410301201/tools/bin/../lib/gcc/arm-none-eabi/12.3.1/../../../../arm-none-eabi/lib/thumb/v7e-m+fp/hard/crt0.o
LOAD ./Core/Src/main.o
LOAD ./Core/Src/stm32l4xx_hal_msp.o
LOAD ./Core/Src/stm32l4xx_it.o
LOAD ./Core/Src/sysmem.o
LOAD ./Core/Src/system_stm32l4xx.o
LOAD ./Core/Startup/startup_stm32l4r9aiix.o
LOAD ./Drivers/STM32L4xx_HAL_Driver/Src/stm32l4xx_hal.o
LOAD ./Drivers/STM32L4xx_HAL_Driver/Src/stm32l4xx_hal_cortex.o
LOAD ./Drivers/STM32L4xx_HAL_Driver/Src/stm32l4xx_hal_dma.o
LOAD ./Drivers/STM32L4xx_HAL_Driver/Src/stm32l4xx_hal_dma_ex.o
LOAD ./Drivers/STM32L4xx_HAL_Driver/Src/stm32l4xx_hal_exti.o
LOAD ./Drivers/STM32L4xx_HAL_Driver/Src/stm32l4xx_hal_flash.o
LOAD ./Drivers/STM32L4xx_HAL_Driver/Src/stm32l4xx_hal_flash_ex.o
LOAD ./Drivers/STM32L4xx_HAL_Driver/Src/stm32l4xx_hal_flash_ramfunc.o
LOAD ./Drivers/STM32L4xx_HAL_Driver/Src/stm32l4xx_hal_gpio.o
LOAD ./Drivers/STM32L4xx_HAL_Driver/Src/stm32l4xx_hal_i2c.o
LOAD ./Drivers/STM32L4xx_HAL_Driver/Src/stm32l4xx_hal_i2c_ex.o
LOAD ./Drivers/STM32L4xx_HAL_Driver/Src/stm32l4xx_hal_mmc.o
LOAD ./Drivers/STM32L4xx_HAL_Driver/Src/stm32l4xx_hal_mmc_ex.o
LOAD ./Drivers/STM32L4xx_HAL_Driver/Src/stm32l4xx_hal_nand.o
LOAD ./Drivers/STM32L4xx_HAL_Driver/Src/stm32l4xx_hal_nor.o
LOAD ./Drivers/STM32L4xx_HAL_Driver/Src/stm32l4xx_hal_pcd.o
LOAD ./Drivers/STM32L4xx_HAL_Driver/Src/stm32l4xx_hal_pcd_ex.o
LOAD ./Drivers/STM32L4xx_HAL_Driver/Src/stm32l4xx_hal_pwr.o
LOAD ./Drivers/STM32L4xx_HAL_Driver/Src/stm32l4xx_hal_pwr_ex.o
LOAD ./Drivers/STM32L4xx_HAL_Driver/Src/stm32l4xx_hal_rcc.o
LOAD ./Drivers/STM32L4xx_HAL_Driver/Src/stm32l4xx_hal_rcc_ex.o
LOAD ./Drivers/STM32L4xx_HAL_Driver/Src/stm32l4xx_hal_sai.o
LOAD ./Drivers/STM32L4xx_HAL_Driver/Src/stm32l4xx_hal_sai_ex.o
LOAD ./Drivers/STM32L4xx_HAL_Driver/Src/stm32l4xx_hal_sd.o
LOAD ./Drivers/STM32L4xx_HAL_Driver/Src/stm32l4xx_hal_sd_ex.o
LOAD ./Drivers/STM32L4xx_HAL_Driver/Src/stm32l4xx_hal_spi.o
LOAD ./Drivers/STM32L4xx_HAL_Driver/Src/stm32l4xx_hal_spi_ex.o
LOAD ./Drivers/STM32L4xx_HAL_Driver/Src/stm32l4xx_hal_sram.o
LOAD ./Drivers/STM32L4xx_HAL_Driver/Src/stm32l4xx_hal_uart.o
LOAD ./Drivers/STM32L4xx_HAL_Driver/Src/stm32l4xx_hal_uart_ex.o
LOAD ./Drivers/STM32L4xx_HAL_Driver/Src/stm32l4xx_ll_fmc.o
LOAD ./Drivers/STM32L4xx_HAL_Driver/Src/stm32l4xx_ll_sdmmc.o
LOAD ./Drivers/STM32L4xx_HAL_Driver/Src/stm32l4xx_ll_usb.o
LOAD ./X-CUBE-AI/App/app_x-cube-ai.o
LOAD ./X-CUBE-AI/App/machinefailure.o
LOAD ./X-CUBE-AI/App/machinefailure_data.o
LOAD ./X-CUBE-AI/App/machinefailure_data_params.o
LOAD ../Middlewares/ST/AI/Lib/NetworkRuntime1000_CM4_GCC.a
START GROUP
LOAD /Applications/STM32CubeIDE.app/Contents/Eclipse/plugins/com.st.stm32cube.ide.mcu.externaltools.gnu-tools-for-stm32.12.3.rel1.macos64_1.1.0.202410301201/tools/bin/../lib/gcc/arm-none-eabi/12.3.1/../../../../arm-none-eabi/lib/thumb/v7e-m+fp/hard/libc_nano.a
LOAD /Applications/STM32CubeIDE.app/Contents/Eclipse/plugins/com.st.stm32cube.ide.mcu.externaltools.gnu-tools-for-stm32.12.3.rel1.macos64_1.1.0.202410301201/tools/bin/../lib/gcc/arm-none-eabi/12.3.1/../../../../arm-none-eabi/lib/thumb/v7e-m+fp/hard/libm.a
END GROUP
START GROUP
LOAD /Applications/STM32CubeIDE.app/Contents/Eclipse/plugins/com.st.stm32cube.ide.mcu.externaltools.gnu-tools-for-stm32.12.3.rel1.macos64_1.1.0.202410301201/tools/bin/../lib/gcc/arm-none-eabi/12.3.1/thumb/v7e-m+fp/hard/libgcc.a
LOAD /Applications/STM32CubeIDE.app/Contents/Eclipse/plugins/com.st.stm32cube.ide.mcu.externaltools.gnu-tools-for-stm32.12.3.rel1.macos64_1.1.0.202410301201/tools/bin/../lib/gcc/arm-none-eabi/12.3.1/../../../../arm-none-eabi/lib/thumb/v7e-m+fp/hard/libc_nano.a
END GROUP
START GROUP
LOAD /Applications/STM32CubeIDE.app/Contents/Eclipse/plugins/com.st.stm32cube.ide.mcu.externaltools.gnu-tools-for-stm32.12.3.rel1.macos64_1.1.0.202410301201/tools/bin/../lib/gcc/arm-none-eabi/12.3.1/thumb/v7e-m+fp/hard/libgcc.a
LOAD /Applications/STM32CubeIDE.app/Contents/Eclipse/plugins/com.st.stm32cube.ide.mcu.externaltools.gnu-tools-for-stm32.12.3.rel1.macos64_1.1.0.202410301201/tools/bin/../lib/gcc/arm-none-eabi/12.3.1/../../../../arm-none-eabi/lib/thumb/v7e-m+fp/hard/libc_nano.a
LOAD /Applications/STM32CubeIDE.app/Contents/Eclipse/plugins/com.st.stm32cube.ide.mcu.externaltools.gnu-tools-for-stm32.12.3.rel1.macos64_1.1.0.202410301201/tools/bin/../lib/gcc/arm-none-eabi/12.3.1/../../../../arm-none-eabi/lib/thumb/v7e-m+fp/hard/libnosys.a
END GROUP
START GROUP
LOAD /Applications/STM32CubeIDE.app/Contents/Eclipse/plugins/com.st.stm32cube.ide.mcu.externaltools.gnu-tools-for-stm32.12.3.rel1.macos64_1.1.0.202410301201/tools/bin/../lib/gcc/arm-none-eabi/12.3.1/thumb/v7e-m+fp/hard/libgcc.a
LOAD /Applications/STM32CubeIDE.app/Contents/Eclipse/plugins/com.st.stm32cube.ide.mcu.externaltools.gnu-tools-for-stm32.12.3.rel1.macos64_1.1.0.202410301201/tools/bin/../lib/gcc/arm-none-eabi/12.3.1/../../../../arm-none-eabi/lib/thumb/v7e-m+fp/hard/libc_nano.a
LOAD /Applications/STM32CubeIDE.app/Contents/Eclipse/plugins/com.st.stm32cube.ide.mcu.externaltools.gnu-tools-for-stm32.12.3.rel1.macos64_1.1.0.202410301201/tools/bin/../lib/gcc/arm-none-eabi/12.3.1/../../../../arm-none-eabi/lib/thumb/v7e-m+fp/hard/libnosys.a
END GROUP
LOAD /Applications/STM32CubeIDE.app/Contents/Eclipse/plugins/com.st.stm32cube.ide.mcu.externaltools.gnu-tools-for-stm32.12.3.rel1.macos64_1.1.0.202410301201/tools/bin/../lib/gcc/arm-none-eabi/12.3.1/thumb/v7e-m+fp/hard/crtend.o
LOAD /Applications/STM32CubeIDE.app/Contents/Eclipse/plugins/com.st.stm32cube.ide.mcu.externaltools.gnu-tools-for-stm32.12.3.rel1.macos64_1.1.0.202410301201/tools/bin/../lib/gcc/arm-none-eabi/12.3.1/thumb/v7e-m+fp/hard/crtn.o
                0x200a0000                        _estack = (ORIGIN (RAM3) + LENGTH (RAM3))
                0x00000800                        _Min_Heap_Size = 0x800
                0x00000800                        _Min_Stack_Size = 0x800

.isr_vector     0x08000000      0x1bc
                0x08000000                        . = ALIGN (0x4)
 *(.isr_vector)
 .isr_vector    0x08000000      0x1bc ./Core/Startup/startup_stm32l4r9aiix.o
                0x08000000                g_pfnVectors
                0x080001bc                        . = ALIGN (0x4)

.text           0x080001c0     0x9538
                0x080001c0                        . = ALIGN (0x4)
 *(.text)
 .text          0x080001c0       0x40 /Applications/STM32CubeIDE.app/Contents/Eclipse/plugins/com.st.stm32cube.ide.mcu.externaltools.gnu-tools-for-stm32.12.3.rel1.macos64_1.1.0.202410301201/tools/bin/../lib/gcc/arm-none-eabi/12.3.1/thumb/v7e-m+fp/hard/crtbegin.o
 .text          0x08000200       0xa0 /Applications/STM32CubeIDE.app/Contents/Eclipse/plugins/com.st.stm32cube.ide.mcu.externaltools.gnu-tools-for-stm32.12.3.rel1.macos64_1.1.0.202410301201/tools/bin/../lib/gcc/arm-none-eabi/12.3.1/../../../../arm-none-eabi/lib/thumb/v7e-m+fp/hard/libc_nano.a(libc_a-memchr.o)
                0x08000200                memchr
 .text          0x080002a0       0x30 /Applications/STM32CubeIDE.app/Contents/Eclipse/plugins/com.st.stm32cube.ide.mcu.externaltools.gnu-tools-for-stm32.12.3.rel1.macos64_1.1.0.202410301201/tools/bin/../lib/gcc/arm-none-eabi/12.3.1/thumb/v7e-m+fp/hard/libgcc.a(_aeabi_uldivmod.o)
                0x080002a0                __aeabi_uldivmod
 .text          0x080002d0      0x2bc /Applications/STM32CubeIDE.app/Contents/Eclipse/plugins/com.st.stm32cube.ide.mcu.externaltools.gnu-tools-for-stm32.12.3.rel1.macos64_1.1.0.202410301201/tools/bin/../lib/gcc/arm-none-eabi/12.3.1/thumb/v7e-m+fp/hard/libgcc.a(_udivmoddi4.o)
                0x080002d0                __udivmoddi4
 .text          0x0800058c        0x4 /Applications/STM32CubeIDE.app/Contents/Eclipse/plugins/com.st.stm32cube.ide.mcu.externaltools.gnu-tools-for-stm32.12.3.rel1.macos64_1.1.0.202410301201/tools/bin/../lib/gcc/arm-none-eabi/12.3.1/thumb/v7e-m+fp/hard/libgcc.a(_dvmd_tls.o)
                0x0800058c                __aeabi_ldiv0
                0x0800058c                __aeabi_idiv0
 *(.text*)
 .text.main     0x08000590       0x32 ./Core/Src/main.o
                0x08000590                main
 .text.SystemClock_Config
                0x080005c2       0xa6 ./Core/Src/main.o
                0x080005c2                SystemClock_Config
 .text.MX_I2C1_Init
                0x08000668       0x80 ./Core/Src/main.o
 .text.MX_SAI1_Init
                0x080006e8       0xd0 ./Core/Src/main.o
 .text.MX_SPI2_Init
                0x080007b8       0x7c ./Core/Src/main.o
 .text.MX_USART2_UART_Init
                0x08000834       0x98 ./Core/Src/main.o
 .text.MX_USART3_UART_Init
                0x080008cc       0x98 ./Core/Src/main.o
 .text.MX_FMC_Init
                0x08000964       0xcc ./Core/Src/main.o
 .text.MX_GPIO_Init
                0x08000a30      0x43c ./Core/Src/main.o
 .text.Error_Handler
                0x08000e6c        0xc ./Core/Src/main.o
                0x08000e6c                Error_Handler
 .text.HAL_MspInit
                0x08000e78       0x48 ./Core/Src/stm32l4xx_hal_msp.o
                0x08000e78                HAL_MspInit
 .text.HAL_I2C_MspInit
                0x08000ec0      0x108 ./Core/Src/stm32l4xx_hal_msp.o
                0x08000ec0                HAL_I2C_MspInit
 .text.HAL_SPI_MspInit
                0x08000fc8       0xc4 ./Core/Src/stm32l4xx_hal_msp.o
                0x08000fc8                HAL_SPI_MspInit
 .text.HAL_UART_MspInit
                0x0800108c      0x18c ./Core/Src/stm32l4xx_hal_msp.o
                0x0800108c                HAL_UART_MspInit
 .text.HAL_FMC_MspInit
                0x08001218       0xfc ./Core/Src/stm32l4xx_hal_msp.o
 .text.HAL_SRAM_MspInit
                0x08001314       0x14 ./Core/Src/stm32l4xx_hal_msp.o
                0x08001314                HAL_SRAM_MspInit
 .text.HAL_SAI_MspInit
                0x08001328       0xf8 ./Core/Src/stm32l4xx_hal_msp.o
                0x08001328                HAL_SAI_MspInit
 .text.NMI_Handler
                0x08001420        0x8 ./Core/Src/stm32l4xx_it.o
                0x08001420                NMI_Handler
 .text.HardFault_Handler
                0x08001428        0x8 ./Core/Src/stm32l4xx_it.o
                0x08001428                HardFault_Handler
 .text.MemManage_Handler
                0x08001430        0x8 ./Core/Src/stm32l4xx_it.o
                0x08001430                MemManage_Handler
 .text.BusFault_Handler
                0x08001438        0x8 ./Core/Src/stm32l4xx_it.o
                0x08001438                BusFault_Handler
 .text.UsageFault_Handler
                0x08001440        0x8 ./Core/Src/stm32l4xx_it.o
                0x08001440                UsageFault_Handler
 .text.SVC_Handler
                0x08001448        0xe ./Core/Src/stm32l4xx_it.o
                0x08001448                SVC_Handler
 .text.DebugMon_Handler
                0x08001456        0xe ./Core/Src/stm32l4xx_it.o
                0x08001456                DebugMon_Handler
 .text.PendSV_Handler
                0x08001464        0xe ./Core/Src/stm32l4xx_it.o
                0x08001464                PendSV_Handler
 .text.SysTick_Handler
                0x08001472        0xc ./Core/Src/stm32l4xx_it.o
                0x08001472                SysTick_Handler
 *fill*         0x0800147e        0x2 
 .text._sbrk    0x08001480       0x6c ./Core/Src/sysmem.o
                0x08001480                _sbrk
 .text.SystemInit
                0x080014ec       0x24 ./Core/Src/system_stm32l4xx.o
                0x080014ec                SystemInit
 .text.Reset_Handler
                0x08001510       0x50 ./Core/Startup/startup_stm32l4r9aiix.o
                0x08001510                Reset_Handler
 .text.Default_Handler
                0x08001560        0x2 ./Core/Startup/startup_stm32l4r9aiix.o
                0x08001560                TIM1_BRK_TIM15_IRQHandler
                0x08001560                EXTI2_IRQHandler
                0x08001560                TIM8_TRG_COM_IRQHandler
                0x08001560                TIM8_CC_IRQHandler
                0x08001560                TIM1_CC_IRQHandler
                0x08001560                TSC_IRQHandler
                0x08001560                TAMP_STAMP_IRQHandler
                0x08001560                EXTI3_IRQHandler
                0x08001560                LPTIM2_IRQHandler
                0x08001560                DFSDM1_FLT1_IRQHandler
                0x08001560                GFXMMU_IRQHandler
                0x08001560                I2C3_ER_IRQHandler
                0x08001560                DFSDM1_FLT2_IRQHandler
                0x08001560                EXTI0_IRQHandler
                0x08001560                I2C2_EV_IRQHandler
                0x08001560                CAN1_RX0_IRQHandler
                0x08001560                FPU_IRQHandler
                0x08001560                TIM1_UP_TIM16_IRQHandler
                0x08001560                LTDC_ER_IRQHandler
                0x08001560                SPI1_IRQHandler
                0x08001560                OCTOSPI1_IRQHandler
                0x08001560                TIM6_DAC_IRQHandler
                0x08001560                DCMI_IRQHandler
                0x08001560                TIM8_UP_IRQHandler
                0x08001560                OCTOSPI2_IRQHandler
                0x08001560                DMA2_Channel2_IRQHandler
                0x08001560                DMA1_Channel4_IRQHandler
                0x08001560                SAI2_IRQHandler
                0x08001560                ADC1_IRQHandler
                0x08001560                DFSDM1_FLT3_IRQHandler
                0x08001560                USART3_IRQHandler
                0x08001560                DMA1_Channel7_IRQHandler
                0x08001560                CAN1_RX1_IRQHandler
                0x08001560                UART5_IRQHandler
                0x08001560                TIM4_IRQHandler
                0x08001560                DMA2_Channel1_IRQHandler
                0x08001560                I2C1_EV_IRQHandler
                0x08001560                DMAMUX1_OVR_IRQHandler
                0x08001560                DMA1_Channel6_IRQHandler
                0x08001560                UART4_IRQHandler
                0x08001560                DMA2_Channel4_IRQHandler
                0x08001560                TIM3_IRQHandler
                0x08001560                RCC_IRQHandler
                0x08001560                DMA1_Channel1_IRQHandler
                0x08001560                Default_Handler
                0x08001560                DMA2_Channel7_IRQHandler
                0x08001560                EXTI15_10_IRQHandler
                0x08001560                TIM7_IRQHandler
                0x08001560                SDMMC1_IRQHandler
                0x08001560                TIM5_IRQHandler
                0x08001560                I2C3_EV_IRQHandler
                0x08001560                EXTI9_5_IRQHandler
                0x08001560                RTC_WKUP_IRQHandler
                0x08001560                LTDC_IRQHandler
                0x08001560                PVD_PVM_IRQHandler
                0x08001560                SPI2_IRQHandler
                0x08001560                CAN1_TX_IRQHandler
                0x08001560                DMA2_Channel5_IRQHandler
                0x08001560                CRS_IRQHandler
                0x08001560                DMA1_Channel5_IRQHandler
                0x08001560                EXTI4_IRQHandler
                0x08001560                RNG_IRQHandler
                0x08001560                TIM1_TRG_COM_TIM17_IRQHandler
                0x08001560                DMA1_Channel3_IRQHandler
                0x08001560                COMP_IRQHandler
                0x08001560                DSI_IRQHandler
                0x08001560                WWDG_IRQHandler
                0x08001560                I2C4_EV_IRQHandler
                0x08001560                LPUART1_IRQHandler
                0x08001560                DMA2_Channel6_IRQHandler
                0x08001560                TIM2_IRQHandler
                0x08001560                DMA2D_IRQHandler
                0x08001560                EXTI1_IRQHandler
                0x08001560                USART2_IRQHandler
                0x08001560                DFSDM1_FLT0_IRQHandler
                0x08001560                I2C2_ER_IRQHandler
                0x08001560                DMA1_Channel2_IRQHandler
                0x08001560                TIM8_BRK_IRQHandler
                0x08001560                CAN1_SCE_IRQHandler
                0x08001560                FLASH_IRQHandler
                0x08001560                USART1_IRQHandler
                0x08001560                OTG_FS_IRQHandler
                0x08001560                SPI3_IRQHandler
                0x08001560                I2C1_ER_IRQHandler
                0x08001560                FMC_IRQHandler
                0x08001560                LPTIM1_IRQHandler
                0x08001560                I2C4_ER_IRQHandler
                0x08001560                SAI1_IRQHandler
                0x08001560                DMA2_Channel3_IRQHandler
                0x08001560                RTC_Alarm_IRQHandler
 .text.HAL_Init
                0x08001562       0x30 ./Drivers/STM32L4xx_HAL_Driver/Src/stm32l4xx_hal.o
                0x08001562                HAL_Init
 *fill*         0x08001592        0x2 
 .text.HAL_InitTick
                0x08001594       0x78 ./Drivers/STM32L4xx_HAL_Driver/Src/stm32l4xx_hal.o
                0x08001594                HAL_InitTick
 .text.HAL_IncTick
                0x0800160c       0x28 ./Drivers/STM32L4xx_HAL_Driver/Src/stm32l4xx_hal.o
                0x0800160c                HAL_IncTick
 .text.HAL_GetTick
                0x08001634       0x18 ./Drivers/STM32L4xx_HAL_Driver/Src/stm32l4xx_hal.o
                0x08001634                HAL_GetTick
 .text.__NVIC_SetPriorityGrouping
                0x0800164c       0x48 ./Drivers/STM32L4xx_HAL_Driver/Src/stm32l4xx_hal_cortex.o
 .text.__NVIC_GetPriorityGrouping
                0x08001694       0x1c ./Drivers/STM32L4xx_HAL_Driver/Src/stm32l4xx_hal_cortex.o
 .text.__NVIC_SetPriority
                0x080016b0       0x54 ./Drivers/STM32L4xx_HAL_Driver/Src/stm32l4xx_hal_cortex.o
 .text.NVIC_EncodePriority
                0x08001704       0x66 ./Drivers/STM32L4xx_HAL_Driver/Src/stm32l4xx_hal_cortex.o
 *fill*         0x0800176a        0x2 
 .text.SysTick_Config
                0x0800176c       0x44 ./Drivers/STM32L4xx_HAL_Driver/Src/stm32l4xx_hal_cortex.o
 .text.HAL_NVIC_SetPriorityGrouping
                0x080017b0       0x16 ./Drivers/STM32L4xx_HAL_Driver/Src/stm32l4xx_hal_cortex.o
                0x080017b0                HAL_NVIC_SetPriorityGrouping
 .text.HAL_NVIC_SetPriority
                0x080017c6       0x38 ./Drivers/STM32L4xx_HAL_Driver/Src/stm32l4xx_hal_cortex.o
                0x080017c6                HAL_NVIC_SetPriority
 .text.HAL_SYSTICK_Config
                0x080017fe       0x18 ./Drivers/STM32L4xx_HAL_Driver/Src/stm32l4xx_hal_cortex.o
                0x080017fe                HAL_SYSTICK_Config
 *fill*         0x08001816        0x2 
 .text.HAL_GPIO_Init
                0x08001818      0x324 ./Drivers/STM32L4xx_HAL_Driver/Src/stm32l4xx_hal_gpio.o
                0x08001818                HAL_GPIO_Init
 .text.HAL_GPIO_WritePin
                0x08001b3c       0x30 ./Drivers/STM32L4xx_HAL_Driver/Src/stm32l4xx_hal_gpio.o
                0x08001b3c                HAL_GPIO_WritePin
 .text.HAL_I2C_Init
                0x08001b6c      0x136 ./Drivers/STM32L4xx_HAL_Driver/Src/stm32l4xx_hal_i2c.o
                0x08001b6c                HAL_I2C_Init
 .text.HAL_I2CEx_ConfigAnalogFilter
                0x08001ca2       0x96 ./Drivers/STM32L4xx_HAL_Driver/Src/stm32l4xx_hal_i2c_ex.o
                0x08001ca2                HAL_I2CEx_ConfigAnalogFilter
 .text.HAL_I2CEx_ConfigDigitalFilter
                0x08001d38       0x98 ./Drivers/STM32L4xx_HAL_Driver/Src/stm32l4xx_hal_i2c_ex.o
                0x08001d38                HAL_I2CEx_ConfigDigitalFilter
 .text.HAL_PWREx_GetVoltageRange
                0x08001dd0       0x40 ./Drivers/STM32L4xx_HAL_Driver/Src/stm32l4xx_hal_pwr_ex.o
                0x08001dd0                HAL_PWREx_GetVoltageRange
 .text.HAL_PWREx_ControlVoltageScaling
                0x08001e10      0x148 ./Drivers/STM32L4xx_HAL_Driver/Src/stm32l4xx_hal_pwr_ex.o
                0x08001e10                HAL_PWREx_ControlVoltageScaling
 .text.HAL_PWREx_EnableVddIO2
                0x08001f58       0x20 ./Drivers/STM32L4xx_HAL_Driver/Src/stm32l4xx_hal_pwr_ex.o
                0x08001f58                HAL_PWREx_EnableVddIO2
 .text.HAL_RCC_OscConfig
                0x08001f78      0x834 ./Drivers/STM32L4xx_HAL_Driver/Src/stm32l4xx_hal_rcc.o
                0x08001f78                HAL_RCC_OscConfig
 .text.HAL_RCC_ClockConfig
                0x080027ac      0x274 ./Drivers/STM32L4xx_HAL_Driver/Src/stm32l4xx_hal_rcc.o
                0x080027ac                HAL_RCC_ClockConfig
 .text.HAL_RCC_GetSysClockFreq
                0x08002a20      0x114 ./Drivers/STM32L4xx_HAL_Driver/Src/stm32l4xx_hal_rcc.o
                0x08002a20                HAL_RCC_GetSysClockFreq
 .text.HAL_RCC_GetHCLKFreq
                0x08002b34       0x18 ./Drivers/STM32L4xx_HAL_Driver/Src/stm32l4xx_hal_rcc.o
                0x08002b34                HAL_RCC_GetHCLKFreq
 .text.HAL_RCC_GetPCLK1Freq
                0x08002b4c       0x2c ./Drivers/STM32L4xx_HAL_Driver/Src/stm32l4xx_hal_rcc.o
                0x08002b4c                HAL_RCC_GetPCLK1Freq
 .text.HAL_RCC_GetPCLK2Freq
                0x08002b78       0x2c ./Drivers/STM32L4xx_HAL_Driver/Src/stm32l4xx_hal_rcc.o
                0x08002b78                HAL_RCC_GetPCLK2Freq
 .text.RCC_SetFlashLatencyFromMSIRange
                0x08002ba4       0xb4 ./Drivers/STM32L4xx_HAL_Driver/Src/stm32l4xx_hal_rcc.o
 .text.RCC_GetSysClockFreqFromPLLSource
                0x08002c58       0xc8 ./Drivers/STM32L4xx_HAL_Driver/Src/stm32l4xx_hal_rcc.o
 .text.HAL_RCCEx_PeriphCLKConfig
                0x08002d20      0x720 ./Drivers/STM32L4xx_HAL_Driver/Src/stm32l4xx_hal_rcc_ex.o
                0x08002d20                HAL_RCCEx_PeriphCLKConfig
 .text.HAL_RCCEx_GetPeriphCLKFreq
                0x08003440      0xe40 ./Drivers/STM32L4xx_HAL_Driver/Src/stm32l4xx_hal_rcc_ex.o
                0x08003440                HAL_RCCEx_GetPeriphCLKFreq
 .text.RCCEx_PLLSAI1_Config
                0x08004280      0x1e8 ./Drivers/STM32L4xx_HAL_Driver/Src/stm32l4xx_hal_rcc_ex.o
 .text.RCCEx_PLLSAI2_Config
                0x08004468      0x1e8 ./Drivers/STM32L4xx_HAL_Driver/Src/stm32l4xx_hal_rcc_ex.o
 .text.RCCEx_GetSAIxPeriphCLKFreq
                0x08004650      0x224 ./Drivers/STM32L4xx_HAL_Driver/Src/stm32l4xx_hal_rcc_ex.o
 .text.HAL_SAI_Init
                0x08004874      0x3bc ./Drivers/STM32L4xx_HAL_Driver/Src/stm32l4xx_hal_sai.o
                0x08004874                HAL_SAI_Init
 .text.SAI_Disable
                0x08004c30       0x74 ./Drivers/STM32L4xx_HAL_Driver/Src/stm32l4xx_hal_sai.o
 .text.HAL_SPI_Init
                0x08004ca4      0x146 ./Drivers/STM32L4xx_HAL_Driver/Src/stm32l4xx_hal_spi.o
                0x08004ca4                HAL_SPI_Init
 .text.HAL_SRAM_Init
                0x08004dea       0x90 ./Drivers/STM32L4xx_HAL_Driver/Src/stm32l4xx_hal_sram.o
                0x08004dea                HAL_SRAM_Init
 .text.HAL_UART_Init
                0x08004e7a       0xa0 ./Drivers/STM32L4xx_HAL_Driver/Src/stm32l4xx_hal_uart.o
                0x08004e7a                HAL_UART_Init
 .text.HAL_UART_Transmit
                0x08004f1a      0x11c ./Drivers/STM32L4xx_HAL_Driver/Src/stm32l4xx_hal_uart.o
                0x08004f1a                HAL_UART_Transmit
 .text.HAL_UART_Receive
                0x08005036      0x192 ./Drivers/STM32L4xx_HAL_Driver/Src/stm32l4xx_hal_uart.o
                0x08005036                HAL_UART_Receive
 .text.UART_SetConfig
                0x080051c8      0x5f8 ./Drivers/STM32L4xx_HAL_Driver/Src/stm32l4xx_hal_uart.o
                0x080051c8                UART_SetConfig
 .text.UART_AdvFeatureConfig
                0x080057c0      0x144 ./Drivers/STM32L4xx_HAL_Driver/Src/stm32l4xx_hal_uart.o
                0x080057c0                UART_AdvFeatureConfig
 .text.UART_CheckIdleState
                0x08005904      0x154 ./Drivers/STM32L4xx_HAL_Driver/Src/stm32l4xx_hal_uart.o
                0x08005904                UART_CheckIdleState
 .text.UART_WaitOnFlagUntilTimeout
                0x08005a58       0xda ./Drivers/STM32L4xx_HAL_Driver/Src/stm32l4xx_hal_uart.o
                0x08005a58                UART_WaitOnFlagUntilTimeout
 .text.UART_EndRxTransfer
                0x08005b32       0xcc ./Drivers/STM32L4xx_HAL_Driver/Src/stm32l4xx_hal_uart.o
 .text.HAL_UARTEx_DisableFifoMode
                0x08005bfe       0x72 ./Drivers/STM32L4xx_HAL_Driver/Src/stm32l4xx_hal_uart_ex.o
                0x08005bfe                HAL_UARTEx_DisableFifoMode
 .text.HAL_UARTEx_SetTxFifoThreshold
                0x08005c70       0x7c ./Drivers/STM32L4xx_HAL_Driver/Src/stm32l4xx_hal_uart_ex.o
                0x08005c70                HAL_UARTEx_SetTxFifoThreshold
 .text.HAL_UARTEx_SetRxFifoThreshold
                0x08005cec       0x7c ./Drivers/STM32L4xx_HAL_Driver/Src/stm32l4xx_hal_uart_ex.o
                0x08005cec                HAL_UARTEx_SetRxFifoThreshold
 .text.UARTEx_SetNbDataToProcess
                0x08005d68       0x9c ./Drivers/STM32L4xx_HAL_Driver/Src/stm32l4xx_hal_uart_ex.o
 .text.FMC_NORSRAM_Init
                0x08005e04      0x134 ./Drivers/STM32L4xx_HAL_Driver/Src/stm32l4xx_ll_fmc.o
                0x08005e04                FMC_NORSRAM_Init
 .text.FMC_NORSRAM_Timing_Init
                0x08005f38       0x9a ./Drivers/STM32L4xx_HAL_Driver/Src/stm32l4xx_ll_fmc.o
                0x08005f38                FMC_NORSRAM_Timing_Init
 .text.FMC_NORSRAM_Extended_Timing_Init
                0x08005fd2       0x74 ./Drivers/STM32L4xx_HAL_Driver/Src/stm32l4xx_ll_fmc.o
                0x08005fd2                FMC_NORSRAM_Extended_Timing_Init
 *fill*         0x08006046        0x2 
 .text.ai_log_err
                0x08006048       0x44 ./X-CUBE-AI/App/app_x-cube-ai.o
 .text.ai_boostrap
                0x0800608c       0xc8 ./X-CUBE-AI/App/app_x-cube-ai.o
 .text.ai_run   0x08006154       0x54 ./X-CUBE-AI/App/app_x-cube-ai.o
 .text.synchronize_UART
                0x080061a8       0x54 ./X-CUBE-AI/App/app_x-cube-ai.o
                0x080061a8                synchronize_UART
 .text.acquire_and_process_data
                0x080061fc       0xf8 ./X-CUBE-AI/App/app_x-cube-ai.o
                0x080061fc                acquire_and_process_data
 .text.post_process
                0x080062f4      0x100 ./X-CUBE-AI/App/app_x-cube-ai.o
                0x080062f4                post_process
 .text.MX_X_CUBE_AI_Init
                0x080063f4       0x1c ./X-CUBE-AI/App/app_x-cube-ai.o
                0x080063f4                MX_X_CUBE_AI_Init
 .text.MX_X_CUBE_AI_Process
                0x08006410       0x84 ./X-CUBE-AI/App/app_x-cube-ai.o
                0x08006410                MX_X_CUBE_AI_Process
 .text.machinefailure_configure_activations
                0x08006494      0x104 ./X-CUBE-AI/App/machinefailure.o
 .text.machinefailure_configure_weights
                0x08006598      0x170 ./X-CUBE-AI/App/machinefailure.o
 .text.ai_machinefailure_get_error
                0x08006708       0x18 ./X-CUBE-AI/App/machinefailure.o
                0x08006708                ai_machinefailure_get_error
 .text.ai_machinefailure_create
                0x08006720       0x2c ./X-CUBE-AI/App/machinefailure.o
                0x08006720                ai_machinefailure_create
 .text.ai_machinefailure_create_and_init
                0x0800674c       0xfc ./X-CUBE-AI/App/machinefailure.o
                0x0800674c                ai_machinefailure_create_and_init
 .text.ai_machinefailure_inputs_get
                0x08006848       0x34 ./X-CUBE-AI/App/machinefailure.o
                0x08006848                ai_machinefailure_inputs_get
 .text.ai_machinefailure_outputs_get
                0x0800687c       0x34 ./X-CUBE-AI/App/machinefailure.o
                0x0800687c                ai_machinefailure_outputs_get
 .text.ai_machinefailure_init
                0x080068b0       0x78 ./X-CUBE-AI/App/machinefailure.o
                0x080068b0                ai_machinefailure_init
 .text.ai_machinefailure_run
                0x08006928       0x20 ./X-CUBE-AI/App/machinefailure.o
                0x08006928                ai_machinefailure_run
 .text.ai_machinefailure_data_params_get
                0x08006948       0x50 ./X-CUBE-AI/App/machinefailure_data.o
                0x08006948                ai_machinefailure_data_params_get
 .text.ai_buffer_get_size
                0x08006998       0x68 ../Middlewares/ST/AI/Lib/NetworkRuntime1000_CM4_GCC.a(ai_platform.o)
                0x08006998                ai_buffer_get_size
 .text.ai_buffer_array_sane
                0x08006a00       0x14 ../Middlewares/ST/AI/Lib/NetworkRuntime1000_CM4_GCC.a(ai_platform.o)
                0x08006a00                ai_buffer_array_sane
 .text.ai_buffer_array_item_set_address
                0x08006a14       0x20 ../Middlewares/ST/AI/Lib/NetworkRuntime1000_CM4_GCC.a(ai_platform.o)
                0x08006a14                ai_buffer_array_item_set_address
 .text.ai_platform_get_weights_map
                0x08006a34       0xa8 ../Middlewares/ST/AI/Lib/NetworkRuntime1000_CM4_GCC.a(ai_platform_interface.o)
                0x08006a34                ai_platform_get_weights_map
 .text.ai_platform_get_activations_map
                0x08006adc       0xa8 ../Middlewares/ST/AI/Lib/NetworkRuntime1000_CM4_GCC.a(ai_platform_interface.o)
                0x08006adc                ai_platform_get_activations_map
 .text.ai_platform_bind_network_params
                0x08006b84       0x44 ../Middlewares/ST/AI/Lib/NetworkRuntime1000_CM4_GCC.a(ai_platform_interface.o)
                0x08006b84                ai_platform_bind_network_params
 .text.ai_platform_network_get_error
                0x08006bc8       0x18 ../Middlewares/ST/AI/Lib/NetworkRuntime1000_CM4_GCC.a(ai_platform_interface.o)
                0x08006bc8                ai_platform_network_get_error
 .text.ai_platform_network_set_error
                0x08006be0        0xc ../Middlewares/ST/AI/Lib/NetworkRuntime1000_CM4_GCC.a(ai_platform_interface.o)
                0x08006be0                ai_platform_network_set_error
 .text.ai_platform_inputs_get
                0x08006bec       0xec ../Middlewares/ST/AI/Lib/NetworkRuntime1000_CM4_GCC.a(ai_platform_interface.o)
                0x08006bec                ai_platform_inputs_get
 .text.ai_platform_outputs_get
                0x08006cd8       0xe8 ../Middlewares/ST/AI/Lib/NetworkRuntime1000_CM4_GCC.a(ai_platform_interface.o)
                0x08006cd8                ai_platform_outputs_get
 .text.ai_platform_network_create
                0x08006dc0       0x84 ../Middlewares/ST/AI/Lib/NetworkRuntime1000_CM4_GCC.a(ai_platform_interface.o)
                0x08006dc0                ai_platform_network_create
 .text.ai_platform_network_init
                0x08006e44      0x19c ../Middlewares/ST/AI/Lib/NetworkRuntime1000_CM4_GCC.a(ai_platform_interface.o)
                0x08006e44                ai_platform_network_init
 .text.ai_platform_network_post_init
                0x08006fe0       0x60 ../Middlewares/ST/AI/Lib/NetworkRuntime1000_CM4_GCC.a(ai_platform_interface.o)
                0x08006fe0                ai_platform_network_post_init
 .text.ai_platform_network_process
                0x08007040      0x480 ../Middlewares/ST/AI/Lib/NetworkRuntime1000_CM4_GCC.a(ai_platform_interface.o)
                0x08007040                ai_platform_network_process
 .text.core_init
                0x080074c0        0x4 ../Middlewares/ST/AI/Lib/NetworkRuntime1000_CM4_GCC.a(core_common.o)
                0x080074c0                core_init
 .text.core_get_error
                0x080074c4        0xc ../Middlewares/ST/AI/Lib/NetworkRuntime1000_CM4_GCC.a(core_common.o)
                0x080074c4                core_get_error
 .text.core_set_error
                0x080074d0       0x18 ../Middlewares/ST/AI/Lib/NetworkRuntime1000_CM4_GCC.a(core_common.o)
                0x080074d0                core_set_error
 .text.ai_check_custom_types
                0x080074e8       0x54 ../Middlewares/ST/AI/Lib/NetworkRuntime1000_CM4_GCC.a(layers.o)
                0x080074e8                ai_check_custom_types
 .text.ai_layers_init_all
                0x0800753c       0x1c ../Middlewares/ST/AI/Lib/NetworkRuntime1000_CM4_GCC.a(layers.o)
                0x0800753c                ai_layers_init_all
 .text.ai_layers_post_init_all
                0x08007558       0x28 ../Middlewares/ST/AI/Lib/NetworkRuntime1000_CM4_GCC.a(layers.o)
                0x08007558                ai_layers_post_init_all
 .text.ai_layers_forward_all
                0x08007580       0x94 ../Middlewares/ST/AI/Lib/NetworkRuntime1000_CM4_GCC.a(layers.o)
                0x08007580                ai_layers_forward_all
 .text.forward_dense
                0x08007614       0xfc ../Middlewares/ST/AI/Lib/NetworkRuntime1000_CM4_GCC.a(layers_conv2d_generic_float.o)
                0x08007614                forward_dense
 .text.forward_relu
                0x08007710      0x138 ../Middlewares/ST/AI/Lib/NetworkRuntime1000_CM4_GCC.a(layers_nl_generic_float.o)
                0x08007710                forward_relu
 .text.forward_sm
                0x08007848       0x84 ../Middlewares/ST/AI/Lib/NetworkRuntime1000_CM4_GCC.a(layers_nl_generic_float.o)
                0x08007848                forward_sm
 .text.forward_lite_nl_softmax_if32of32_kernel
                0x080078cc       0xe4 ../Middlewares/ST/AI/Lib/NetworkRuntime1000_CM4_GCC.a(lite_nl_softmax_if32of32.o)
                0x080078cc                forward_lite_nl_softmax_if32of32_kernel
 .text.forward_lite_nl_relu_generic_if32of32_kernel
                0x080079b0       0xfc ../Middlewares/ST/AI/Lib/NetworkRuntime1000_CM4_GCC.a(lite_nl_relu_if32of32.o)
                0x080079b0                forward_lite_nl_relu_generic_if32of32_kernel
 .text.forward_lite_dense_if32of32wf32
                0x08007aac      0x2b4 ../Middlewares/ST/AI/Lib/NetworkRuntime1000_CM4_GCC.a(lite_dense_if32.o)
                0x08007aac                forward_lite_dense_if32of32wf32
 .text.forward_lite_dense_if32of32wf32_lut4
                0x08007d60      0x250 ../Middlewares/ST/AI/Lib/NetworkRuntime1000_CM4_GCC.a(lite_dense_if32.o)
                0x08007d60                forward_lite_dense_if32of32wf32_lut4
 .text.forward_lite_dense_if32of32wf32_lut8
                0x08007fb0      0x25c ../Middlewares/ST/AI/Lib/NetworkRuntime1000_CM4_GCC.a(lite_dense_if32.o)
                0x08007fb0                forward_lite_dense_if32of32wf32_lut8
 .text.forward_lite_nl_softmax_if32of32
                0x0800820c       0x6c ../Middlewares/ST/AI/Lib/NetworkRuntime1000_CM4_GCC.a(lite_nl_generic_float.o)
                0x0800820c                forward_lite_nl_softmax_if32of32
 .text.st_int8_copy
                0x08008278      0x144 ../Middlewares/ST/AI/Lib/NetworkRuntime1000_CM4_GCC.a(st_int8_fill.o)
                0x08008278                st_int8_copy
 .text.ai_array_to_buffer_fmt
                0x080083bc       0xe0 ../Middlewares/ST/AI/Lib/NetworkRuntime1000_CM4_GCC.a(ai_datatypes_format.o)
                0x080083bc                ai_array_to_buffer_fmt
 .text.ai_array_get_data_byte_size
                0x0800849c       0x24 ../Middlewares/ST/AI/Lib/NetworkRuntime1000_CM4_GCC.a(ai_datatypes_format.o)
                0x0800849c                ai_array_get_data_byte_size
 .text.ai_version_get
                0x080084c0        0xc ../Middlewares/ST/AI/Lib/NetworkRuntime1000_CM4_GCC.a(ai_datatypes_internal.o)
                0x080084c0                ai_version_get
 .text.get_tensor_byte_size
                0x080084cc       0x30 ../Middlewares/ST/AI/Lib/NetworkRuntime1000_CM4_GCC.a(ai_datatypes_internal.o)
                0x080084cc                get_tensor_byte_size
 .text.sbrk_aligned
                0x080084fc       0x44 /Applications/STM32CubeIDE.app/Contents/Eclipse/plugins/com.st.stm32cube.ide.mcu.externaltools.gnu-tools-for-stm32.12.3.rel1.macos64_1.1.0.202410301201/tools/bin/../lib/gcc/arm-none-eabi/12.3.1/../../../../arm-none-eabi/lib/thumb/v7e-m+fp/hard/libc_nano.a(libc_a-mallocr.o)
 .text._malloc_r
                0x08008540      0x100 /Applications/STM32CubeIDE.app/Contents/Eclipse/plugins/com.st.stm32cube.ide.mcu.externaltools.gnu-tools-for-stm32.12.3.rel1.macos64_1.1.0.202410301201/tools/bin/../lib/gcc/arm-none-eabi/12.3.1/../../../../arm-none-eabi/lib/thumb/v7e-m+fp/hard/libc_nano.a(libc_a-mallocr.o)
                0x08008540                _malloc_r
 .text.__malloc_lock
                0x08008640        0xc /Applications/STM32CubeIDE.app/Contents/Eclipse/plugins/com.st.stm32cube.ide.mcu.externaltools.gnu-tools-for-stm32.12.3.rel1.macos64_1.1.0.202410301201/tools/bin/../lib/gcc/arm-none-eabi/12.3.1/../../../../arm-none-eabi/lib/thumb/v7e-m+fp/hard/libc_nano.a(libc_a-mlock.o)
                0x08008640                __malloc_lock
 .text.__malloc_unlock
                0x0800864c        0xc /Applications/STM32CubeIDE.app/Contents/Eclipse/plugins/com.st.stm32cube.ide.mcu.externaltools.gnu-tools-for-stm32.12.3.rel1.macos64_1.1.0.202410301201/tools/bin/../lib/gcc/arm-none-eabi/12.3.1/../../../../arm-none-eabi/lib/thumb/v7e-m+fp/hard/libc_nano.a(libc_a-mlock.o)
                0x0800864c                __malloc_unlock
 .text.std      0x08008658       0x6c /Applications/STM32CubeIDE.app/Contents/Eclipse/plugins/com.st.stm32cube.ide.mcu.externaltools.gnu-tools-for-stm32.12.3.rel1.macos64_1.1.0.202410301201/tools/bin/../lib/gcc/arm-none-eabi/12.3.1/../../../../arm-none-eabi/lib/thumb/v7e-m+fp/hard/libc_nano.a(libc_a-findfp.o)
 .text.stdio_exit_handler
                0x080086c4       0x18 /Applications/STM32CubeIDE.app/Contents/Eclipse/plugins/com.st.stm32cube.ide.mcu.externaltools.gnu-tools-for-stm32.12.3.rel1.macos64_1.1.0.202410301201/tools/bin/../lib/gcc/arm-none-eabi/12.3.1/../../../../arm-none-eabi/lib/thumb/v7e-m+fp/hard/libc_nano.a(libc_a-findfp.o)
 .text.cleanup_stdio
                0x080086dc       0x40 /Applications/STM32CubeIDE.app/Contents/Eclipse/plugins/com.st.stm32cube.ide.mcu.externaltools.gnu-tools-for-stm32.12.3.rel1.macos64_1.1.0.202410301201/tools/bin/../lib/gcc/arm-none-eabi/12.3.1/../../../../arm-none-eabi/lib/thumb/v7e-m+fp/hard/libc_nano.a(libc_a-findfp.o)
 .text.global_stdio_init.part.0
                0x0800871c       0x3c /Applications/STM32CubeIDE.app/Contents/Eclipse/plugins/com.st.stm32cube.ide.mcu.externaltools.gnu-tools-for-stm32.12.3.rel1.macos64_1.1.0.202410301201/tools/bin/../lib/gcc/arm-none-eabi/12.3.1/../../../../arm-none-eabi/lib/thumb/v7e-m+fp/hard/libc_nano.a(libc_a-findfp.o)
 .text.__sfp_lock_acquire
                0x08008758        0xc /Applications/STM32CubeIDE.app/Contents/Eclipse/plugins/com.st.stm32cube.ide.mcu.externaltools.gnu-tools-for-stm32.12.3.rel1.macos64_1.1.0.202410301201/tools/bin/../lib/gcc/arm-none-eabi/12.3.1/../../../../arm-none-eabi/lib/thumb/v7e-m+fp/hard/libc_nano.a(libc_a-findfp.o)
                0x08008758                __sfp_lock_acquire
 .text.__sfp_lock_release
                0x08008764        0xc /Applications/STM32CubeIDE.app/Contents/Eclipse/plugins/com.st.stm32cube.ide.mcu.externaltools.gnu-tools-for-stm32.12.3.rel1.macos64_1.1.0.202410301201/tools/bin/../lib/gcc/arm-none-eabi/12.3.1/../../../../arm-none-eabi/lib/thumb/v7e-m+fp/hard/libc_nano.a(libc_a-findfp.o)
                0x08008764                __sfp_lock_release
 .text.__sinit  0x08008770       0x30 /Applications/STM32CubeIDE.app/Contents/Eclipse/plugins/com.st.stm32cube.ide.mcu.externaltools.gnu-tools-for-stm32.12.3.rel1.macos64_1.1.0.202410301201/tools/bin/../lib/gcc/arm-none-eabi/12.3.1/../../../../arm-none-eabi/lib/thumb/v7e-m+fp/hard/libc_nano.a(libc_a-findfp.o)
                0x08008770                __sinit
 .text._fwalk_sglue
                0x080087a0       0x3c /Applications/STM32CubeIDE.app/Contents/Eclipse/plugins/com.st.stm32cube.ide.mcu.externaltools.gnu-tools-for-stm32.12.3.rel1.macos64_1.1.0.202410301201/tools/bin/../lib/gcc/arm-none-eabi/12.3.1/../../../../arm-none-eabi/lib/thumb/v7e-m+fp/hard/libc_nano.a(libc_a-fwalk.o)
                0x080087a0                _fwalk_sglue
 .text.printf   0x080087dc       0x24 /Applications/STM32CubeIDE.app/Contents/Eclipse/plugins/com.st.stm32cube.ide.mcu.externaltools.gnu-tools-for-stm32.12.3.rel1.macos64_1.1.0.202410301201/tools/bin/../lib/gcc/arm-none-eabi/12.3.1/../../../../arm-none-eabi/lib/thumb/v7e-m+fp/hard/libc_nano.a(libc_a-printf.o)
                0x080087dc                printf
                0x080087dc                iprintf
 .text._puts_r  0x08008800       0xaa /Applications/STM32CubeIDE.app/Contents/Eclipse/plugins/com.st.stm32cube.ide.mcu.externaltools.gnu-tools-for-stm32.12.3.rel1.macos64_1.1.0.202410301201/tools/bin/../lib/gcc/arm-none-eabi/12.3.1/../../../../arm-none-eabi/lib/thumb/v7e-m+fp/hard/libc_nano.a(libc_a-puts.o)
                0x08008800                _puts_r
 *fill*         0x080088aa        0x2 
 .text.puts     0x080088ac       0x10 /Applications/STM32CubeIDE.app/Contents/Eclipse/plugins/com.st.stm32cube.ide.mcu.externaltools.gnu-tools-for-stm32.12.3.rel1.macos64_1.1.0.202410301201/tools/bin/../lib/gcc/arm-none-eabi/12.3.1/../../../../arm-none-eabi/lib/thumb/v7e-m+fp/hard/libc_nano.a(libc_a-puts.o)
                0x080088ac                puts
 .text.memset   0x080088bc       0x10 /Applications/STM32CubeIDE.app/Contents/Eclipse/plugins/com.st.stm32cube.ide.mcu.externaltools.gnu-tools-for-stm32.12.3.rel1.macos64_1.1.0.202410301201/tools/bin/../lib/gcc/arm-none-eabi/12.3.1/../../../../arm-none-eabi/lib/thumb/v7e-m+fp/hard/libc_nano.a(libc_a-memset.o)
                0x080088bc                memset
 .text._sbrk_r  0x080088cc       0x20 /Applications/STM32CubeIDE.app/Contents/Eclipse/plugins/com.st.stm32cube.ide.mcu.externaltools.gnu-tools-for-stm32.12.3.rel1.macos64_1.1.0.202410301201/tools/bin/../lib/gcc/arm-none-eabi/12.3.1/../../../../arm-none-eabi/lib/thumb/v7e-m+fp/hard/libc_nano.a(libc_a-sbrkr.o)
                0x080088cc                _sbrk_r
 .text.__errno  0x080088ec        0xc /Applications/STM32CubeIDE.app/Contents/Eclipse/plugins/com.st.stm32cube.ide.mcu.externaltools.gnu-tools-for-stm32.12.3.rel1.macos64_1.1.0.202410301201/tools/bin/../lib/gcc/arm-none-eabi/12.3.1/../../../../arm-none-eabi/lib/thumb/v7e-m+fp/hard/libc_nano.a(libc_a-errno.o)
                0x080088ec                __errno
 .text.__libc_init_array
                0x080088f8       0x48 /Applications/STM32CubeIDE.app/Contents/Eclipse/plugins/com.st.stm32cube.ide.mcu.externaltools.gnu-tools-for-stm32.12.3.rel1.macos64_1.1.0.202410301201/tools/bin/../lib/gcc/arm-none-eabi/12.3.1/../../../../arm-none-eabi/lib/thumb/v7e-m+fp/hard/libc_nano.a(libc_a-init.o)
                0x080088f8                __libc_init_array
 .text.__retarget_lock_init_recursive
                0x08008940        0x2 /Applications/STM32CubeIDE.app/Contents/Eclipse/plugins/com.st.stm32cube.ide.mcu.externaltools.gnu-tools-for-stm32.12.3.rel1.macos64_1.1.0.202410301201/tools/bin/../lib/gcc/arm-none-eabi/12.3.1/../../../../arm-none-eabi/lib/thumb/v7e-m+fp/hard/libc_nano.a(libc_a-lock.o)
                0x08008940                __retarget_lock_init_recursive
 .text.__retarget_lock_acquire_recursive
                0x08008942        0x2 /Applications/STM32CubeIDE.app/Contents/Eclipse/plugins/com.st.stm32cube.ide.mcu.externaltools.gnu-tools-for-stm32.12.3.rel1.macos64_1.1.0.202410301201/tools/bin/../lib/gcc/arm-none-eabi/12.3.1/../../../../arm-none-eabi/lib/thumb/v7e-m+fp/hard/libc_nano.a(libc_a-lock.o)
                0x08008942                __retarget_lock_acquire_recursive
 .text.__retarget_lock_release_recursive
                0x08008944        0x2 /Applications/STM32CubeIDE.app/Contents/Eclipse/plugins/com.st.stm32cube.ide.mcu.externaltools.gnu-tools-for-stm32.12.3.rel1.macos64_1.1.0.202410301201/tools/bin/../lib/gcc/arm-none-eabi/12.3.1/../../../../arm-none-eabi/lib/thumb/v7e-m+fp/hard/libc_nano.a(libc_a-lock.o)
                0x08008944                __retarget_lock_release_recursive
 *fill*         0x08008946        0x2 
 .text._free_r  0x08008948       0x94 /Applications/STM32CubeIDE.app/Contents/Eclipse/plugins/com.st.stm32cube.ide.mcu.externaltools.gnu-tools-for-stm32.12.3.rel1.macos64_1.1.0.202410301201/tools/bin/../lib/gcc/arm-none-eabi/12.3.1/../../../../arm-none-eabi/lib/thumb/v7e-m+fp/hard/libc_nano.a(libc_a-freer.o)
                0x08008948                _free_r
 .text.__sfputc_r
                0x080089dc       0x2e /Applications/STM32CubeIDE.app/Contents/Eclipse/plugins/com.st.stm32cube.ide.mcu.externaltools.gnu-tools-for-stm32.12.3.rel1.macos64_1.1.0.202410301201/tools/bin/../lib/gcc/arm-none-eabi/12.3.1/../../../../arm-none-eabi/lib/thumb/v7e-m+fp/hard/libc_nano.a(libc_a-nano-vfprintf.o)
 .text.__sfputs_r
                0x08008a0a       0x24 /Applications/STM32CubeIDE.app/Contents/Eclipse/plugins/com.st.stm32cube.ide.mcu.externaltools.gnu-tools-for-stm32.12.3.rel1.macos64_1.1.0.202410301201/tools/bin/../lib/gcc/arm-none-eabi/12.3.1/../../../../arm-none-eabi/lib/thumb/v7e-m+fp/hard/libc_nano.a(libc_a-nano-vfprintf.o)
                0x08008a0a                __sfputs_r
 *fill*         0x08008a2e        0x2 
 .text._vfprintf_r
                0x08008a30      0x230 /Applications/STM32CubeIDE.app/Contents/Eclipse/plugins/com.st.stm32cube.ide.mcu.externaltools.gnu-tools-for-stm32.12.3.rel1.macos64_1.1.0.202410301201/tools/bin/../lib/gcc/arm-none-eabi/12.3.1/../../../../arm-none-eabi/lib/thumb/v7e-m+fp/hard/libc_nano.a(libc_a-nano-vfprintf.o)
                0x08008a30                _vfiprintf_r
                0x08008a30                _vfprintf_r
 .text._printf_common
                0x08008c60       0xda /Applications/STM32CubeIDE.app/Contents/Eclipse/plugins/com.st.stm32cube.ide.mcu.externaltools.gnu-tools-for-stm32.12.3.rel1.macos64_1.1.0.202410301201/tools/bin/../lib/gcc/arm-none-eabi/12.3.1/../../../../arm-none-eabi/lib/thumb/v7e-m+fp/hard/libc_nano.a(libc_a-nano-vfprintf_i.o)
                0x08008c60                _printf_common
 *fill*         0x08008d3a        0x2 
 .text._printf_i
                0x08008d3c      0x240 /Applications/STM32CubeIDE.app/Contents/Eclipse/plugins/com.st.stm32cube.ide.mcu.externaltools.gnu-tools-for-stm32.12.3.rel1.macos64_1.1.0.202410301201/tools/bin/../lib/gcc/arm-none-eabi/12.3.1/../../../../arm-none-eabi/lib/thumb/v7e-m+fp/hard/libc_nano.a(libc_a-nano-vfprintf_i.o)
                0x08008d3c                _printf_i
 .text.__sflush_r
                0x08008f7c      0x108 /Applications/STM32CubeIDE.app/Contents/Eclipse/plugins/com.st.stm32cube.ide.mcu.externaltools.gnu-tools-for-stm32.12.3.rel1.macos64_1.1.0.202410301201/tools/bin/../lib/gcc/arm-none-eabi/12.3.1/../../../../arm-none-eabi/lib/thumb/v7e-m+fp/hard/libc_nano.a(libc_a-fflush.o)
                0x08008f7c                __sflush_r
 .text._fflush_r
                0x08009084       0x50 /Applications/STM32CubeIDE.app/Contents/Eclipse/plugins/com.st.stm32cube.ide.mcu.externaltools.gnu-tools-for-stm32.12.3.rel1.macos64_1.1.0.202410301201/tools/bin/../lib/gcc/arm-none-eabi/12.3.1/../../../../arm-none-eabi/lib/thumb/v7e-m+fp/hard/libc_nano.a(libc_a-fflush.o)
                0x08009084                _fflush_r
 .text.__sread  0x080090d4       0x22 /Applications/STM32CubeIDE.app/Contents/Eclipse/plugins/com.st.stm32cube.ide.mcu.externaltools.gnu-tools-for-stm32.12.3.rel1.macos64_1.1.0.202410301201/tools/bin/../lib/gcc/arm-none-eabi/12.3.1/../../../../arm-none-eabi/lib/thumb/v7e-m+fp/hard/libc_nano.a(libc_a-stdio.o)
                0x080090d4                __sread
 .text.__swrite
                0x080090f6       0x38 /Applications/STM32CubeIDE.app/Contents/Eclipse/plugins/com.st.stm32cube.ide.mcu.externaltools.gnu-tools-for-stm32.12.3.rel1.macos64_1.1.0.202410301201/tools/bin/../lib/gcc/arm-none-eabi/12.3.1/../../../../arm-none-eabi/lib/thumb/v7e-m+fp/hard/libc_nano.a(libc_a-stdio.o)
                0x080090f6                __swrite
 .text.__sseek  0x0800912e       0x24 /Applications/STM32CubeIDE.app/Contents/Eclipse/plugins/com.st.stm32cube.ide.mcu.externaltools.gnu-tools-for-stm32.12.3.rel1.macos64_1.1.0.202410301201/tools/bin/../lib/gcc/arm-none-eabi/12.3.1/../../../../arm-none-eabi/lib/thumb/v7e-m+fp/hard/libc_nano.a(libc_a-stdio.o)
                0x0800912e                __sseek
 .text.__sclose
                0x08009152        0x8 /Applications/STM32CubeIDE.app/Contents/Eclipse/plugins/com.st.stm32cube.ide.mcu.externaltools.gnu-tools-for-stm32.12.3.rel1.macos64_1.1.0.202410301201/tools/bin/../lib/gcc/arm-none-eabi/12.3.1/../../../../arm-none-eabi/lib/thumb/v7e-m+fp/hard/libc_nano.a(libc_a-stdio.o)
                0x08009152                __sclose
 .text.__swbuf_r
                0x0800915a       0x7c /Applications/STM32CubeIDE.app/Contents/Eclipse/plugins/com.st.stm32cube.ide.mcu.externaltools.gnu-tools-for-stm32.12.3.rel1.macos64_1.1.0.202410301201/tools/bin/../lib/gcc/arm-none-eabi/12.3.1/../../../../arm-none-eabi/lib/thumb/v7e-m+fp/hard/libc_nano.a(libc_a-wbuf.o)
                0x0800915a                __swbuf_r
 *fill*         0x080091d6        0x2 
 .text.__swsetup_r
                0x080091d8       0xac /Applications/STM32CubeIDE.app/Contents/Eclipse/plugins/com.st.stm32cube.ide.mcu.externaltools.gnu-tools-for-stm32.12.3.rel1.macos64_1.1.0.202410301201/tools/bin/../lib/gcc/arm-none-eabi/12.3.1/../../../../arm-none-eabi/lib/thumb/v7e-m+fp/hard/libc_nano.a(libc_a-wsetup.o)
                0x080091d8                __swsetup_r
 .text.__swhatbuf_r
                0x08009284       0x4c /Applications/STM32CubeIDE.app/Contents/Eclipse/plugins/com.st.stm32cube.ide.mcu.externaltools.gnu-tools-for-stm32.12.3.rel1.macos64_1.1.0.202410301201/tools/bin/../lib/gcc/arm-none-eabi/12.3.1/../../../../arm-none-eabi/lib/thumb/v7e-m+fp/hard/libc_nano.a(libc_a-makebuf.o)
                0x08009284                __swhatbuf_r
 .text.__smakebuf_r
                0x080092d0       0x78 /Applications/STM32CubeIDE.app/Contents/Eclipse/plugins/com.st.stm32cube.ide.mcu.externaltools.gnu-tools-for-stm32.12.3.rel1.macos64_1.1.0.202410301201/tools/bin/../lib/gcc/arm-none-eabi/12.3.1/../../../../arm-none-eabi/lib/thumb/v7e-m+fp/hard/libc_nano.a(libc_a-makebuf.o)
                0x080092d0                __smakebuf_r
 .text._close_r
                0x08009348       0x20 /Applications/STM32CubeIDE.app/Contents/Eclipse/plugins/com.st.stm32cube.ide.mcu.externaltools.gnu-tools-for-stm32.12.3.rel1.macos64_1.1.0.202410301201/tools/bin/../lib/gcc/arm-none-eabi/12.3.1/../../../../arm-none-eabi/lib/thumb/v7e-m+fp/hard/libc_nano.a(libc_a-closer.o)
                0x08009348                _close_r
 .text._fstat_r
                0x08009368       0x24 /Applications/STM32CubeIDE.app/Contents/Eclipse/plugins/com.st.stm32cube.ide.mcu.externaltools.gnu-tools-for-stm32.12.3.rel1.macos64_1.1.0.202410301201/tools/bin/../lib/gcc/arm-none-eabi/12.3.1/../../../../arm-none-eabi/lib/thumb/v7e-m+fp/hard/libc_nano.a(libc_a-fstatr.o)
                0x08009368                _fstat_r
 .text._isatty_r
                0x0800938c       0x20 /Applications/STM32CubeIDE.app/Contents/Eclipse/plugins/com.st.stm32cube.ide.mcu.externaltools.gnu-tools-for-stm32.12.3.rel1.macos64_1.1.0.202410301201/tools/bin/../lib/gcc/arm-none-eabi/12.3.1/../../../../arm-none-eabi/lib/thumb/v7e-m+fp/hard/libc_nano.a(libc_a-isattyr.o)
                0x0800938c                _isatty_r
 .text._lseek_r
                0x080093ac       0x24 /Applications/STM32CubeIDE.app/Contents/Eclipse/plugins/com.st.stm32cube.ide.mcu.externaltools.gnu-tools-for-stm32.12.3.rel1.macos64_1.1.0.202410301201/tools/bin/../lib/gcc/arm-none-eabi/12.3.1/../../../../arm-none-eabi/lib/thumb/v7e-m+fp/hard/libc_nano.a(libc_a-lseekr.o)
                0x080093ac                _lseek_r
 .text._read_r  0x080093d0       0x24 /Applications/STM32CubeIDE.app/Contents/Eclipse/plugins/com.st.stm32cube.ide.mcu.externaltools.gnu-tools-for-stm32.12.3.rel1.macos64_1.1.0.202410301201/tools/bin/../lib/gcc/arm-none-eabi/12.3.1/../../../../arm-none-eabi/lib/thumb/v7e-m+fp/hard/libc_nano.a(libc_a-readr.o)
                0x080093d0                _read_r
 .text._write_r
                0x080093f4       0x24 /Applications/STM32CubeIDE.app/Contents/Eclipse/plugins/com.st.stm32cube.ide.mcu.externaltools.gnu-tools-for-stm32.12.3.rel1.macos64_1.1.0.202410301201/tools/bin/../lib/gcc/arm-none-eabi/12.3.1/../../../../arm-none-eabi/lib/thumb/v7e-m+fp/hard/libc_nano.a(libc_a-writer.o)
                0x080093f4                _write_r
 .text.expf     0x08009418       0x6c /Applications/STM32CubeIDE.app/Contents/Eclipse/plugins/com.st.stm32cube.ide.mcu.externaltools.gnu-tools-for-stm32.12.3.rel1.macos64_1.1.0.202410301201/tools/bin/../lib/gcc/arm-none-eabi/12.3.1/../../../../arm-none-eabi/lib/thumb/v7e-m+fp/hard/libm.a(libm_a-wf_exp.o)
                0x08009418                expf
 .text.finitef  0x08009484       0x14 /Applications/STM32CubeIDE.app/Contents/Eclipse/plugins/com.st.stm32cube.ide.mcu.externaltools.gnu-tools-for-stm32.12.3.rel1.macos64_1.1.0.202410301201/tools/bin/../lib/gcc/arm-none-eabi/12.3.1/../../../../arm-none-eabi/lib/thumb/v7e-m+fp/hard/libm.a(libm_a-sf_finite.o)
                0x08009484                finitef
 .text.__ieee754_expf
                0x08009498      0x19c /Applications/STM32CubeIDE.app/Contents/Eclipse/plugins/com.st.stm32cube.ide.mcu.externaltools.gnu-tools-for-stm32.12.3.rel1.macos64_1.1.0.202410301201/tools/bin/../lib/gcc/arm-none-eabi/12.3.1/../../../../arm-none-eabi/lib/thumb/v7e-m+fp/hard/libm.a(libm_a-ef_exp.o)
                0x08009498                __ieee754_expf
 .text.with_errnof
                0x08009634       0x1c /Applications/STM32CubeIDE.app/Contents/Eclipse/plugins/com.st.stm32cube.ide.mcu.externaltools.gnu-tools-for-stm32.12.3.rel1.macos64_1.1.0.202410301201/tools/bin/../lib/gcc/arm-none-eabi/12.3.1/../../../../arm-none-eabi/lib/thumb/v7e-m+fp/hard/libm.a(libm_a-math_errf.o)
 .text.xflowf   0x08009650       0x16 /Applications/STM32CubeIDE.app/Contents/Eclipse/plugins/com.st.stm32cube.ide.mcu.externaltools.gnu-tools-for-stm32.12.3.rel1.macos64_1.1.0.202410301201/tools/bin/../lib/gcc/arm-none-eabi/12.3.1/../../../../arm-none-eabi/lib/thumb/v7e-m+fp/hard/libm.a(libm_a-math_errf.o)
 *fill*         0x08009666        0x2 
 .text.__math_uflowf
                0x08009668        0xc /Applications/STM32CubeIDE.app/Contents/Eclipse/plugins/com.st.stm32cube.ide.mcu.externaltools.gnu-tools-for-stm32.12.3.rel1.macos64_1.1.0.202410301201/tools/bin/../lib/gcc/arm-none-eabi/12.3.1/../../../../arm-none-eabi/lib/thumb/v7e-m+fp/hard/libm.a(libm_a-math_errf.o)
                0x08009668                __math_uflowf
 .text.__math_oflowf
                0x08009674        0xc /Applications/STM32CubeIDE.app/Contents/Eclipse/plugins/com.st.stm32cube.ide.mcu.externaltools.gnu-tools-for-stm32.12.3.rel1.macos64_1.1.0.202410301201/tools/bin/../lib/gcc/arm-none-eabi/12.3.1/../../../../arm-none-eabi/lib/thumb/v7e-m+fp/hard/libm.a(libm_a-math_errf.o)
                0x08009674                __math_oflowf
 .text._close   0x08009680       0x10 /Applications/STM32CubeIDE.app/Contents/Eclipse/plugins/com.st.stm32cube.ide.mcu.externaltools.gnu-tools-for-stm32.12.3.rel1.macos64_1.1.0.202410301201/tools/bin/../lib/gcc/arm-none-eabi/12.3.1/../../../../arm-none-eabi/lib/thumb/v7e-m+fp/hard/libnosys.a(close.o)
                0x08009680                _close
 .text._fstat   0x08009690       0x10 /Applications/STM32CubeIDE.app/Contents/Eclipse/plugins/com.st.stm32cube.ide.mcu.externaltools.gnu-tools-for-stm32.12.3.rel1.macos64_1.1.0.202410301201/tools/bin/../lib/gcc/arm-none-eabi/12.3.1/../../../../arm-none-eabi/lib/thumb/v7e-m+fp/hard/libnosys.a(fstat.o)
                0x08009690                _fstat
 .text._isatty  0x080096a0       0x10 /Applications/STM32CubeIDE.app/Contents/Eclipse/plugins/com.st.stm32cube.ide.mcu.externaltools.gnu-tools-for-stm32.12.3.rel1.macos64_1.1.0.202410301201/tools/bin/../lib/gcc/arm-none-eabi/12.3.1/../../../../arm-none-eabi/lib/thumb/v7e-m+fp/hard/libnosys.a(isatty.o)
                0x080096a0                _isatty
 .text._lseek   0x080096b0       0x10 /Applications/STM32CubeIDE.app/Contents/Eclipse/plugins/com.st.stm32cube.ide.mcu.externaltools.gnu-tools-for-stm32.12.3.rel1.macos64_1.1.0.202410301201/tools/bin/../lib/gcc/arm-none-eabi/12.3.1/../../../../arm-none-eabi/lib/thumb/v7e-m+fp/hard/libnosys.a(lseek.o)
                0x080096b0                _lseek
 .text._read    0x080096c0       0x10 /Applications/STM32CubeIDE.app/Contents/Eclipse/plugins/com.st.stm32cube.ide.mcu.externaltools.gnu-tools-for-stm32.12.3.rel1.macos64_1.1.0.202410301201/tools/bin/../lib/gcc/arm-none-eabi/12.3.1/../../../../arm-none-eabi/lib/thumb/v7e-m+fp/hard/libnosys.a(read.o)
                0x080096c0                _read
 .text._write   0x080096d0       0x10 /Applications/STM32CubeIDE.app/Contents/Eclipse/plugins/com.st.stm32cube.ide.mcu.externaltools.gnu-tools-for-stm32.12.3.rel1.macos64_1.1.0.202410301201/tools/bin/../lib/gcc/arm-none-eabi/12.3.1/../../../../arm-none-eabi/lib/thumb/v7e-m+fp/hard/libnosys.a(write.o)
                0x080096d0                _write
 *(.glue_7)
 .glue_7        0x080096e0        0x0 linker stubs
 *(.glue_7t)
 .glue_7t       0x080096e0        0x0 linker stubs
 *(.eh_frame)
 .eh_frame      0x080096e0        0x0 /Applications/STM32CubeIDE.app/Contents/Eclipse/plugins/com.st.stm32cube.ide.mcu.externaltools.gnu-tools-for-stm32.12.3.rel1.macos64_1.1.0.202410301201/tools/bin/../lib/gcc/arm-none-eabi/12.3.1/thumb/v7e-m+fp/hard/crtbegin.o
 *(.init)
 .init          0x080096e0        0x4 /Applications/STM32CubeIDE.app/Contents/Eclipse/plugins/com.st.stm32cube.ide.mcu.externaltools.gnu-tools-for-stm32.12.3.rel1.macos64_1.1.0.202410301201/tools/bin/../lib/gcc/arm-none-eabi/12.3.1/thumb/v7e-m+fp/hard/crti.o
                0x080096e0                _init
 .init          0x080096e4        0x8 /Applications/STM32CubeIDE.app/Contents/Eclipse/plugins/com.st.stm32cube.ide.mcu.externaltools.gnu-tools-for-stm32.12.3.rel1.macos64_1.1.0.202410301201/tools/bin/../lib/gcc/arm-none-eabi/12.3.1/thumb/v7e-m+fp/hard/crtn.o
 *(.fini)
 .fini          0x080096ec        0x4 /Applications/STM32CubeIDE.app/Contents/Eclipse/plugins/com.st.stm32cube.ide.mcu.externaltools.gnu-tools-for-stm32.12.3.rel1.macos64_1.1.0.202410301201/tools/bin/../lib/gcc/arm-none-eabi/12.3.1/thumb/v7e-m+fp/hard/crti.o
                0x080096ec                _fini
 .fini          0x080096f0        0x8 /Applications/STM32CubeIDE.app/Contents/Eclipse/plugins/com.st.stm32cube.ide.mcu.externaltools.gnu-tools-for-stm32.12.3.rel1.macos64_1.1.0.202410301201/tools/bin/../lib/gcc/arm-none-eabi/12.3.1/thumb/v7e-m+fp/hard/crtn.o
                0x080096f8                        . = ALIGN (0x4)
                0x080096f8                        _etext = .

.vfp11_veneer   0x080096f8        0x0
 .vfp11_veneer  0x080096f8        0x0 linker stubs

.v4_bx          0x080096f8        0x0
 .v4_bx         0x080096f8        0x0 linker stubs

.iplt           0x080096f8        0x0
 .iplt          0x080096f8        0x0 /Applications/STM32CubeIDE.app/Contents/Eclipse/plugins/com.st.stm32cube.ide.mcu.externaltools.gnu-tools-for-stm32.12.3.rel1.macos64_1.1.0.202410301201/tools/bin/../lib/gcc/arm-none-eabi/12.3.1/thumb/v7e-m+fp/hard/crtbegin.o

.rodata         0x08009700     0x3504
                0x08009700                        . = ALIGN (0x4)
 *(.rodata)
 .rodata        0x08009700      0x1a3 ./X-CUBE-AI/App/app_x-cube-ai.o
 *fill*         0x080098a3        0x1 
 .rodata        0x080098a4       0x30 ./X-CUBE-AI/App/machinefailure_data.o
 *(.rodata*)
 .rodata.AHBPrescTable
                0x080098d4       0x10 ./Core/Src/system_stm32l4xx.o
                0x080098d4                AHBPrescTable
 .rodata.APBPrescTable
                0x080098e4        0x8 ./Core/Src/system_stm32l4xx.o
                0x080098e4                APBPrescTable
 .rodata.MSIRangeTable
                0x080098ec       0x30 ./Core/Src/system_stm32l4xx.o
                0x080098ec                MSIRangeTable
 .rodata.UARTPrescTable
                0x0800991c       0x18 ./Drivers/STM32L4xx_HAL_Driver/Src/stm32l4xx_hal_uart.o
                0x0800991c                UARTPrescTable
 .rodata.numerator.1
                0x08009934        0x8 ./Drivers/STM32L4xx_HAL_Driver/Src/stm32l4xx_hal_uart_ex.o
 .rodata.denominator.0
                0x0800993c        0x8 ./Drivers/STM32L4xx_HAL_Driver/Src/stm32l4xx_hal_uart_ex.o
 .rodata.nl_4_chain
                0x08009944        0x8 ./X-CUBE-AI/App/machinefailure.o
 .rodata.gemm_3_chain
                0x0800994c        0x8 ./X-CUBE-AI/App/machinefailure.o
 .rodata.nl_2_nl_chain
                0x08009954        0x8 ./X-CUBE-AI/App/machinefailure.o
 .rodata.gemm_2_chain
                0x0800995c        0x8 ./X-CUBE-AI/App/machinefailure.o
 .rodata.nl_1_nl_chain
                0x08009964        0x8 ./X-CUBE-AI/App/machinefailure.o
 .rodata.gemm_1_chain
                0x0800996c        0x8 ./X-CUBE-AI/App/machinefailure.o
 .rodata.nl_0_nl_chain
                0x08009974        0x8 ./X-CUBE-AI/App/machinefailure.o
 .rodata.gemm_0_chain
                0x0800997c        0x8 ./X-CUBE-AI/App/machinefailure.o
 *fill*         0x08009984       0x1c 
 .rodata.s_machinefailure_weights_array_u64
                0x080099a0     0x3218 ./X-CUBE-AI/App/machinefailure_data_params.o
                0x080099a0                s_machinefailure_weights_array_u64
 .rodata._vfprintf_r.str1.1
                0x0800cbb8       0x11 /Applications/STM32CubeIDE.app/Contents/Eclipse/plugins/com.st.stm32cube.ide.mcu.externaltools.gnu-tools-for-stm32.12.3.rel1.macos64_1.1.0.202410301201/tools/bin/../lib/gcc/arm-none-eabi/12.3.1/../../../../arm-none-eabi/lib/thumb/v7e-m+fp/hard/libc_nano.a(libc_a-nano-vfprintf.o)
 .rodata._printf_i.str1.1
                0x0800cbc9       0x22 /Applications/STM32CubeIDE.app/Contents/Eclipse/plugins/com.st.stm32cube.ide.mcu.externaltools.gnu-tools-for-stm32.12.3.rel1.macos64_1.1.0.202410301201/tools/bin/../lib/gcc/arm-none-eabi/12.3.1/../../../../arm-none-eabi/lib/thumb/v7e-m+fp/hard/libc_nano.a(libc_a-nano-vfprintf_i.o)
 *fill*         0x0800cbeb        0x1 
 .rodata.ln2LO  0x0800cbec        0x8 /Applications/STM32CubeIDE.app/Contents/Eclipse/plugins/com.st.stm32cube.ide.mcu.externaltools.gnu-tools-for-stm32.12.3.rel1.macos64_1.1.0.202410301201/tools/bin/../lib/gcc/arm-none-eabi/12.3.1/../../../../arm-none-eabi/lib/thumb/v7e-m+fp/hard/libm.a(libm_a-ef_exp.o)
 .rodata.ln2HI  0x0800cbf4        0x8 /Applications/STM32CubeIDE.app/Contents/Eclipse/plugins/com.st.stm32cube.ide.mcu.externaltools.gnu-tools-for-stm32.12.3.rel1.macos64_1.1.0.202410301201/tools/bin/../lib/gcc/arm-none-eabi/12.3.1/../../../../arm-none-eabi/lib/thumb/v7e-m+fp/hard/libm.a(libm_a-ef_exp.o)
 .rodata.halF   0x0800cbfc        0x8 /Applications/STM32CubeIDE.app/Contents/Eclipse/plugins/com.st.stm32cube.ide.mcu.externaltools.gnu-tools-for-stm32.12.3.rel1.macos64_1.1.0.202410301201/tools/bin/../lib/gcc/arm-none-eabi/12.3.1/../../../../arm-none-eabi/lib/thumb/v7e-m+fp/hard/libm.a(libm_a-ef_exp.o)
                0x0800cc04                        . = ALIGN (0x4)

.ARM.extab      0x0800cc04        0x0
                0x0800cc04                        . = ALIGN (0x4)
 *(.ARM.extab* .gnu.linkonce.armextab.*)
                0x0800cc04                        . = ALIGN (0x4)

.ARM            0x0800cc04        0x8
                0x0800cc04                        . = ALIGN (0x4)
                0x0800cc04                        __exidx_start = .
 *(.ARM.exidx*)
 .ARM.exidx     0x0800cc04        0x8 /Applications/STM32CubeIDE.app/Contents/Eclipse/plugins/com.st.stm32cube.ide.mcu.externaltools.gnu-tools-for-stm32.12.3.rel1.macos64_1.1.0.202410301201/tools/bin/../lib/gcc/arm-none-eabi/12.3.1/../../../../arm-none-eabi/lib/thumb/v7e-m+fp/hard/libc_nano.a(libc_a-memchr.o)
 .ARM.exidx     0x0800cc0c        0x0 /Applications/STM32CubeIDE.app/Contents/Eclipse/plugins/com.st.stm32cube.ide.mcu.externaltools.gnu-tools-for-stm32.12.3.rel1.macos64_1.1.0.202410301201/tools/bin/../lib/gcc/arm-none-eabi/12.3.1/thumb/v7e-m+fp/hard/libgcc.a(_udivmoddi4.o)
                                  0x8 (size before relaxing)
                0x0800cc0c                        __exidx_end = .
                0x0800cc0c                        . = ALIGN (0x4)

.preinit_array  0x0800cc0c        0x0
                0x0800cc0c                        . = ALIGN (0x4)
                0x0800cc0c                        PROVIDE (__preinit_array_start = .)
 *(.preinit_array*)
                0x0800cc0c                        PROVIDE (__preinit_array_end = .)
                0x0800cc0c                        . = ALIGN (0x4)

.init_array     0x0800cc0c        0x4
                0x0800cc0c                        . = ALIGN (0x4)
                0x0800cc0c                        PROVIDE (__init_array_start = .)
 *(SORT_BY_NAME(.init_array.*))
 *(.init_array*)
 .init_array    0x0800cc0c        0x4 /Applications/STM32CubeIDE.app/Contents/Eclipse/plugins/com.st.stm32cube.ide.mcu.externaltools.gnu-tools-for-stm32.12.3.rel1.macos64_1.1.0.202410301201/tools/bin/../lib/gcc/arm-none-eabi/12.3.1/thumb/v7e-m+fp/hard/crtbegin.o
                0x0800cc10                        PROVIDE (__init_array_end = .)
                0x0800cc10                        . = ALIGN (0x4)

.fini_array     0x0800cc10        0x4
                0x0800cc10                        . = ALIGN (0x4)
                [!provide]                        PROVIDE (__fini_array_start = .)
 *(SORT_BY_NAME(.fini_array.*))
 *(.fini_array*)
 .fini_array    0x0800cc10        0x4 /Applications/STM32CubeIDE.app/Contents/Eclipse/plugins/com.st.stm32cube.ide.mcu.externaltools.gnu-tools-for-stm32.12.3.rel1.macos64_1.1.0.202410301201/tools/bin/../lib/gcc/arm-none-eabi/12.3.1/thumb/v7e-m+fp/hard/crtbegin.o
                [!provide]                        PROVIDE (__fini_array_end = .)
                0x0800cc14                        . = ALIGN (0x4)
                0x0800cc14                        _sidata = LOADADDR (.data)

.rel.dyn        0x0800cc14        0x0
 .rel.iplt      0x0800cc14        0x0 /Applications/STM32CubeIDE.app/Contents/Eclipse/plugins/com.st.stm32cube.ide.mcu.externaltools.gnu-tools-for-stm32.12.3.rel1.macos64_1.1.0.202410301201/tools/bin/../lib/gcc/arm-none-eabi/12.3.1/thumb/v7e-m+fp/hard/crtbegin.o

.data           0x20000000      0x980 load address 0x0800cc14
                0x20000000                        . = ALIGN (0x4)
                0x20000000                        _sdata = .
 *(.data)
 *(.data*)
 .data.SystemCoreClock
                0x20000000        0x4 ./Core/Src/system_stm32l4xx.o
                0x20000000                SystemCoreClock
 .data.uwTickPrio
                0x20000004        0x4 ./Drivers/STM32L4xx_HAL_Driver/Src/stm32l4xx_hal.o
                0x20000004                uwTickPrio
 .data.uwTickFreq
                0x20000008        0x1 ./Drivers/STM32L4xx_HAL_Driver/Src/stm32l4xx_hal.o
                0x20000008                uwTickFreq
 *fill*         0x20000009        0x3 
 .data.data_activations0
                0x2000000c        0x4 ./X-CUBE-AI/App/app_x-cube-ai.o
                0x2000000c                data_activations0
 .data.serving_default_keras_tensor_4270_output_array
                0x20000010       0x10 ./X-CUBE-AI/App/machinefailure.o
 .data.gemm_0_output_array
                0x20000020       0x10 ./X-CUBE-AI/App/machinefailure.o
 .data.nl_0_nl_output_array
                0x20000030       0x10 ./X-CUBE-AI/App/machinefailure.o
 .data.gemm_1_output_array
                0x20000040       0x10 ./X-CUBE-AI/App/machinefailure.o
 .data.nl_1_nl_output_array
                0x20000050       0x10 ./X-CUBE-AI/App/machinefailure.o
 .data.gemm_2_output_array
                0x20000060       0x10 ./X-CUBE-AI/App/machinefailure.o
 .data.nl_2_nl_output_array
                0x20000070       0x10 ./X-CUBE-AI/App/machinefailure.o
 .data.gemm_3_output_array
                0x20000080       0x10 ./X-CUBE-AI/App/machinefailure.o
 .data.nl_4_output_array
                0x20000090       0x10 ./X-CUBE-AI/App/machinefailure.o
 .data.gemm_0_weights_array
                0x200000a0       0x10 ./X-CUBE-AI/App/machinefailure.o
 .data.gemm_0_bias_array
                0x200000b0       0x10 ./X-CUBE-AI/App/machinefailure.o
 .data.gemm_1_weights_array
                0x200000c0       0x10 ./X-CUBE-AI/App/machinefailure.o
 .data.gemm_1_bias_array
                0x200000d0       0x10 ./X-CUBE-AI/App/machinefailure.o
 .data.gemm_2_weights_array
                0x200000e0       0x10 ./X-CUBE-AI/App/machinefailure.o
 .data.gemm_2_bias_array
                0x200000f0       0x10 ./X-CUBE-AI/App/machinefailure.o
 .data.gemm_3_weights_array
                0x20000100       0x10 ./X-CUBE-AI/App/machinefailure.o
 .data.gemm_3_bias_array
                0x20000110       0x10 ./X-CUBE-AI/App/machinefailure.o
 .data.__compound_literal.0
                0x20000120       0x10 ./X-CUBE-AI/App/machinefailure.o
 .data.__compound_literal.1
                0x20000130       0x10 ./X-CUBE-AI/App/machinefailure.o
 .data.gemm_0_bias
                0x20000140       0x1c ./X-CUBE-AI/App/machinefailure.o
 .data.__compound_literal.2
                0x2000015c       0x10 ./X-CUBE-AI/App/machinefailure.o
 .data.__compound_literal.3
                0x2000016c       0x10 ./X-CUBE-AI/App/machinefailure.o
 .data.gemm_0_output
                0x2000017c       0x1c ./X-CUBE-AI/App/machinefailure.o
 .data.__compound_literal.4
                0x20000198       0x10 ./X-CUBE-AI/App/machinefailure.o
 .data.__compound_literal.5
                0x200001a8       0x10 ./X-CUBE-AI/App/machinefailure.o
 .data.gemm_0_weights
                0x200001b8       0x1c ./X-CUBE-AI/App/machinefailure.o
 .data.__compound_literal.6
                0x200001d4       0x10 ./X-CUBE-AI/App/machinefailure.o
 .data.__compound_literal.7
                0x200001e4       0x10 ./X-CUBE-AI/App/machinefailure.o
 .data.gemm_1_bias
                0x200001f4       0x1c ./X-CUBE-AI/App/machinefailure.o
 .data.__compound_literal.8
                0x20000210       0x10 ./X-CUBE-AI/App/machinefailure.o
 .data.__compound_literal.9
                0x20000220       0x10 ./X-CUBE-AI/App/machinefailure.o
 .data.gemm_1_output
                0x20000230       0x1c ./X-CUBE-AI/App/machinefailure.o
 .data.__compound_literal.10
                0x2000024c       0x10 ./X-CUBE-AI/App/machinefailure.o
 .data.__compound_literal.11
                0x2000025c       0x10 ./X-CUBE-AI/App/machinefailure.o
 .data.gemm_1_weights
                0x2000026c       0x1c ./X-CUBE-AI/App/machinefailure.o
 .data.__compound_literal.12
                0x20000288       0x10 ./X-CUBE-AI/App/machinefailure.o
 .data.__compound_literal.13
                0x20000298       0x10 ./X-CUBE-AI/App/machinefailure.o
 .data.gemm_2_bias
                0x200002a8       0x1c ./X-CUBE-AI/App/machinefailure.o
 .data.__compound_literal.14
                0x200002c4       0x10 ./X-CUBE-AI/App/machinefailure.o
 .data.__compound_literal.15
                0x200002d4       0x10 ./X-CUBE-AI/App/machinefailure.o
 .data.gemm_2_output
                0x200002e4       0x1c ./X-CUBE-AI/App/machinefailure.o
 .data.__compound_literal.16
                0x20000300       0x10 ./X-CUBE-AI/App/machinefailure.o
 .data.__compound_literal.17
                0x20000310       0x10 ./X-CUBE-AI/App/machinefailure.o
 .data.gemm_2_weights
                0x20000320       0x1c ./X-CUBE-AI/App/machinefailure.o
 .data.__compound_literal.18
                0x2000033c       0x10 ./X-CUBE-AI/App/machinefailure.o
 .data.__compound_literal.19
                0x2000034c       0x10 ./X-CUBE-AI/App/machinefailure.o
 .data.gemm_3_bias
                0x2000035c       0x1c ./X-CUBE-AI/App/machinefailure.o
 .data.__compound_literal.20
                0x20000378       0x10 ./X-CUBE-AI/App/machinefailure.o
 .data.__compound_literal.21
                0x20000388       0x10 ./X-CUBE-AI/App/machinefailure.o
 .data.gemm_3_output
                0x20000398       0x1c ./X-CUBE-AI/App/machinefailure.o
 .data.__compound_literal.22
                0x200003b4       0x10 ./X-CUBE-AI/App/machinefailure.o
 .data.__compound_literal.23
                0x200003c4       0x10 ./X-CUBE-AI/App/machinefailure.o
 .data.gemm_3_weights
                0x200003d4       0x1c ./X-CUBE-AI/App/machinefailure.o
 .data.__compound_literal.24
                0x200003f0       0x10 ./X-CUBE-AI/App/machinefailure.o
 .data.__compound_literal.25
                0x20000400       0x10 ./X-CUBE-AI/App/machinefailure.o
 .data.nl_0_nl_output
                0x20000410       0x1c ./X-CUBE-AI/App/machinefailure.o
 .data.__compound_literal.26
                0x2000042c       0x10 ./X-CUBE-AI/App/machinefailure.o
 .data.__compound_literal.27
                0x2000043c       0x10 ./X-CUBE-AI/App/machinefailure.o
 .data.nl_1_nl_output
                0x2000044c       0x1c ./X-CUBE-AI/App/machinefailure.o
 .data.__compound_literal.28
                0x20000468       0x10 ./X-CUBE-AI/App/machinefailure.o
 .data.__compound_literal.29
                0x20000478       0x10 ./X-CUBE-AI/App/machinefailure.o
 .data.nl_2_nl_output
                0x20000488       0x1c ./X-CUBE-AI/App/machinefailure.o
 .data.__compound_literal.30
                0x200004a4       0x10 ./X-CUBE-AI/App/machinefailure.o
 .data.__compound_literal.31
                0x200004b4       0x10 ./X-CUBE-AI/App/machinefailure.o
 .data.nl_4_output
                0x200004c4       0x1c ./X-CUBE-AI/App/machinefailure.o
 .data.__compound_literal.32
                0x200004e0       0x10 ./X-CUBE-AI/App/machinefailure.o
 .data.__compound_literal.33
                0x200004f0       0x10 ./X-CUBE-AI/App/machinefailure.o
 .data.serving_default_keras_tensor_4270_output
                0x20000500       0x1c ./X-CUBE-AI/App/machinefailure.o
 .data.__compound_literal.34
                0x2000051c        0x4 ./X-CUBE-AI/App/machinefailure.o
 .data.__compound_literal.35
                0x20000520        0x4 ./X-CUBE-AI/App/machinefailure.o
 .data.__compound_literal.38
                0x20000524       0x30 ./X-CUBE-AI/App/machinefailure.o
 .data.nl_4_layer
                0x20000554       0x24 ./X-CUBE-AI/App/machinefailure.o
 .data.__compound_literal.39
                0x20000578        0x4 ./X-CUBE-AI/App/machinefailure.o
 .data.__compound_literal.40
                0x2000057c        0x4 ./X-CUBE-AI/App/machinefailure.o
 .data.__compound_literal.41
                0x20000580        0x8 ./X-CUBE-AI/App/machinefailure.o
 .data.__compound_literal.43
                0x20000588       0x30 ./X-CUBE-AI/App/machinefailure.o
 .data.gemm_3_layer
                0x200005b8       0x1c ./X-CUBE-AI/App/machinefailure.o
 .data.__compound_literal.44
                0x200005d4        0x4 ./X-CUBE-AI/App/machinefailure.o
 .data.__compound_literal.45
                0x200005d8        0x4 ./X-CUBE-AI/App/machinefailure.o
 .data.__compound_literal.48
                0x200005dc       0x30 ./X-CUBE-AI/App/machinefailure.o
 .data.nl_2_nl_layer
                0x2000060c       0x20 ./X-CUBE-AI/App/machinefailure.o
 .data.__compound_literal.49
                0x2000062c        0x4 ./X-CUBE-AI/App/machinefailure.o
 .data.__compound_literal.50
                0x20000630        0x4 ./X-CUBE-AI/App/machinefailure.o
 .data.__compound_literal.51
                0x20000634        0x8 ./X-CUBE-AI/App/machinefailure.o
 .data.__compound_literal.53
                0x2000063c       0x30 ./X-CUBE-AI/App/machinefailure.o
 .data.gemm_2_layer
                0x2000066c       0x1c ./X-CUBE-AI/App/machinefailure.o
 .data.__compound_literal.54
                0x20000688        0x4 ./X-CUBE-AI/App/machinefailure.o
 .data.__compound_literal.55
                0x2000068c        0x4 ./X-CUBE-AI/App/machinefailure.o
 .data.__compound_literal.58
                0x20000690       0x30 ./X-CUBE-AI/App/machinefailure.o
 .data.nl_1_nl_layer
                0x200006c0       0x20 ./X-CUBE-AI/App/machinefailure.o
 .data.__compound_literal.59
                0x200006e0        0x4 ./X-CUBE-AI/App/machinefailure.o
 .data.__compound_literal.60
                0x200006e4        0x4 ./X-CUBE-AI/App/machinefailure.o
 .data.__compound_literal.61
                0x200006e8        0x8 ./X-CUBE-AI/App/machinefailure.o
 .data.__compound_literal.63
                0x200006f0       0x30 ./X-CUBE-AI/App/machinefailure.o
 .data.gemm_1_layer
                0x20000720       0x1c ./X-CUBE-AI/App/machinefailure.o
 .data.__compound_literal.64
                0x2000073c        0x4 ./X-CUBE-AI/App/machinefailure.o
 .data.__compound_literal.65
                0x20000740        0x4 ./X-CUBE-AI/App/machinefailure.o
 .data.__compound_literal.68
                0x20000744       0x30 ./X-CUBE-AI/App/machinefailure.o
 .data.nl_0_nl_layer
                0x20000774       0x20 ./X-CUBE-AI/App/machinefailure.o
 .data.__compound_literal.69
                0x20000794        0x4 ./X-CUBE-AI/App/machinefailure.o
 .data.__compound_literal.70
                0x20000798        0x4 ./X-CUBE-AI/App/machinefailure.o
 .data.__compound_literal.71
                0x2000079c        0x8 ./X-CUBE-AI/App/machinefailure.o
 .data.__compound_literal.73
                0x200007a4       0x30 ./X-CUBE-AI/App/machinefailure.o
 .data.gemm_0_layer
                0x200007d4       0x1c ./X-CUBE-AI/App/machinefailure.o
 .data.__compound_literal.74
                0x200007f0       0x10 ./X-CUBE-AI/App/machinefailure.o
 .data.__compound_literal.75
                0x20000800       0x1c ./X-CUBE-AI/App/machinefailure.o
 .data.__compound_literal.76
                0x2000081c       0x10 ./X-CUBE-AI/App/machinefailure.o
 .data.__compound_literal.77
                0x2000082c       0x1c ./X-CUBE-AI/App/machinefailure.o
 .data.__compound_literal.78
                0x20000848        0x4 ./X-CUBE-AI/App/machinefailure.o
 .data.__compound_literal.82
                0x2000084c        0xc ./X-CUBE-AI/App/machinefailure.o
 .data.__compound_literal.83
                0x20000858        0x4 ./X-CUBE-AI/App/machinefailure.o
 .data.__compound_literal.87
                0x2000085c        0xc ./X-CUBE-AI/App/machinefailure.o
 .data.__compound_literal.88
                0x20000868       0x18 ./X-CUBE-AI/App/machinefailure.o
 .data.g_machinefailure
                0x20000880       0x4c ./X-CUBE-AI/App/machinefailure.o
 .data.__compound_literal.0
                0x200008cc       0x10 ./X-CUBE-AI/App/machinefailure_data.o
 .data.g_machinefailure_data_map_activations
                0x200008dc       0x1c ./X-CUBE-AI/App/machinefailure_data.o
                0x200008dc                g_machinefailure_data_map_activations
 .data.__compound_literal.1
                0x200008f8       0x10 ./X-CUBE-AI/App/machinefailure_data.o
 .data.g_machinefailure_data_map_weights
                0x20000908       0x1c ./X-CUBE-AI/App/machinefailure_data.o
                0x20000908                g_machinefailure_data_map_weights
 .data.__sglue  0x20000924        0xc /Applications/STM32CubeIDE.app/Contents/Eclipse/plugins/com.st.stm32cube.ide.mcu.externaltools.gnu-tools-for-stm32.12.3.rel1.macos64_1.1.0.202410301201/tools/bin/../lib/gcc/arm-none-eabi/12.3.1/../../../../arm-none-eabi/lib/thumb/v7e-m+fp/hard/libc_nano.a(libc_a-findfp.o)
                0x20000924                __sglue
 .data._impure_ptr
                0x20000930        0x4 /Applications/STM32CubeIDE.app/Contents/Eclipse/plugins/com.st.stm32cube.ide.mcu.externaltools.gnu-tools-for-stm32.12.3.rel1.macos64_1.1.0.202410301201/tools/bin/../lib/gcc/arm-none-eabi/12.3.1/../../../../arm-none-eabi/lib/thumb/v7e-m+fp/hard/libc_nano.a(libc_a-impure.o)
                0x20000930                _impure_ptr
 .data._impure_data
                0x20000934       0x4c /Applications/STM32CubeIDE.app/Contents/Eclipse/plugins/com.st.stm32cube.ide.mcu.externaltools.gnu-tools-for-stm32.12.3.rel1.macos64_1.1.0.202410301201/tools/bin/../lib/gcc/arm-none-eabi/12.3.1/../../../../arm-none-eabi/lib/thumb/v7e-m+fp/hard/libc_nano.a(libc_a-impure.o)
                0x20000934                _impure_data
 *(.RamFunc)
 *(.RamFunc*)
                0x20000980                        . = ALIGN (0x4)
                0x20000980                        _edata = .

.igot.plt       0x20000980        0x0 load address 0x0800d594
 .igot.plt      0x20000980        0x0 /Applications/STM32CubeIDE.app/Contents/Eclipse/plugins/com.st.stm32cube.ide.mcu.externaltools.gnu-tools-for-stm32.12.3.rel1.macos64_1.1.0.202410301201/tools/bin/../lib/gcc/arm-none-eabi/12.3.1/thumb/v7e-m+fp/hard/crtbegin.o
                0x20000980                        . = ALIGN (0x4)

.bss            0x20000980      0x678 load address 0x0800d594
                0x20000980                        _sbss = .
                0x20000980                        __bss_start__ = _sbss
 *(.bss)
 .bss           0x20000980       0x1c /Applications/STM32CubeIDE.app/Contents/Eclipse/plugins/com.st.stm32cube.ide.mcu.externaltools.gnu-tools-for-stm32.12.3.rel1.macos64_1.1.0.202410301201/tools/bin/../lib/gcc/arm-none-eabi/12.3.1/thumb/v7e-m+fp/hard/crtbegin.o
 *(.bss*)
 .bss.hi2c1     0x2000099c       0x54 ./Core/Src/main.o
                0x2000099c                hi2c1
 .bss.hsai_BlockA1
                0x200009f0       0x94 ./Core/Src/main.o
                0x200009f0                hsai_BlockA1
 .bss.hspi2     0x20000a84       0x64 ./Core/Src/main.o
                0x20000a84                hspi2
 .bss.huart2    0x20000ae8       0x94 ./Core/Src/main.o
                0x20000ae8                huart2
 .bss.huart3    0x20000b7c       0x94 ./Core/Src/main.o
                0x20000b7c                huart3
 .bss.hsram1    0x20000c10       0x50 ./Core/Src/main.o
                0x20000c10                hsram1
 .bss.FMC_Initialized
                0x20000c60        0x4 ./Core/Src/stm32l4xx_hal_msp.o
 .bss.SAI1_client
                0x20000c64        0x4 ./Core/Src/stm32l4xx_hal_msp.o
 .bss.__sbrk_heap_end
                0x20000c68        0x4 ./Core/Src/sysmem.o
 .bss.uwTick    0x20000c6c        0x4 ./Drivers/STM32L4xx_HAL_Driver/Src/stm32l4xx_hal.o
                0x20000c6c                uwTick
 .bss.data_ins  0x20000c70        0x4 ./X-CUBE-AI/App/app_x-cube-ai.o
                0x20000c70                data_ins
 .bss.data_outs
                0x20000c74        0x4 ./X-CUBE-AI/App/app_x-cube-ai.o
                0x20000c74                data_outs
 *fill*         0x20000c78        0x8 
 .bss.pool0     0x20000c80      0x180 ./X-CUBE-AI/App/app_x-cube-ai.o
 .bss.machinefailure
                0x20000e00        0x4 ./X-CUBE-AI/App/app_x-cube-ai.o
 .bss.ai_input  0x20000e04        0x4 ./X-CUBE-AI/App/app_x-cube-ai.o
 .bss.ai_output
                0x20000e08        0x4 ./X-CUBE-AI/App/app_x-cube-ai.o
 .bss.g_machinefailure_activations_map
                0x20000e0c        0x4 ./X-CUBE-AI/App/machinefailure.o
 .bss.g_machinefailure_weights_map
                0x20000e10        0x4 ./X-CUBE-AI/App/machinefailure.o
 .bss.__compound_literal.36
                0x20000e14        0x4 ./X-CUBE-AI/App/machinefailure.o
 .bss.__compound_literal.37
                0x20000e18        0x4 ./X-CUBE-AI/App/machinefailure.o
 .bss.__compound_literal.42
                0x20000e1c        0x4 ./X-CUBE-AI/App/machinefailure.o
 .bss.__compound_literal.46
                0x20000e20        0x4 ./X-CUBE-AI/App/machinefailure.o
 .bss.__compound_literal.47
                0x20000e24        0x4 ./X-CUBE-AI/App/machinefailure.o
 .bss.__compound_literal.52
                0x20000e28        0x4 ./X-CUBE-AI/App/machinefailure.o
 .bss.__compound_literal.56
                0x20000e2c        0x4 ./X-CUBE-AI/App/machinefailure.o
 .bss.__compound_literal.57
                0x20000e30        0x4 ./X-CUBE-AI/App/machinefailure.o
 .bss.__compound_literal.62
                0x20000e34        0x4 ./X-CUBE-AI/App/machinefailure.o
 .bss.__compound_literal.66
                0x20000e38        0x4 ./X-CUBE-AI/App/machinefailure.o
 .bss.__compound_literal.67
                0x20000e3c        0x4 ./X-CUBE-AI/App/machinefailure.o
 .bss.__compound_literal.72
                0x20000e40        0x4 ./X-CUBE-AI/App/machinefailure.o
 .bss.__compound_literal.79
                0x20000e44       0x1c ./X-CUBE-AI/App/machinefailure.o
 .bss.__compound_literal.80
                0x20000e60       0x10 ./X-CUBE-AI/App/machinefailure.o
 .bss.__compound_literal.81
                0x20000e70        0x8 ./X-CUBE-AI/App/machinefailure.o
 .bss.__compound_literal.84
                0x20000e78       0x1c ./X-CUBE-AI/App/machinefailure.o
 .bss.__compound_literal.85
                0x20000e94       0x10 ./X-CUBE-AI/App/machinefailure.o
 .bss.__compound_literal.86
                0x20000ea4        0x8 ./X-CUBE-AI/App/machinefailure.o
 .bss.__malloc_sbrk_start
                0x20000eac        0x4 /Applications/STM32CubeIDE.app/Contents/Eclipse/plugins/com.st.stm32cube.ide.mcu.externaltools.gnu-tools-for-stm32.12.3.rel1.macos64_1.1.0.202410301201/tools/bin/../lib/gcc/arm-none-eabi/12.3.1/../../../../arm-none-eabi/lib/thumb/v7e-m+fp/hard/libc_nano.a(libc_a-mallocr.o)
                0x20000eac                __malloc_sbrk_start
 .bss.__malloc_free_list
                0x20000eb0        0x4 /Applications/STM32CubeIDE.app/Contents/Eclipse/plugins/com.st.stm32cube.ide.mcu.externaltools.gnu-tools-for-stm32.12.3.rel1.macos64_1.1.0.202410301201/tools/bin/../lib/gcc/arm-none-eabi/12.3.1/../../../../arm-none-eabi/lib/thumb/v7e-m+fp/hard/libc_nano.a(libc_a-mallocr.o)
                0x20000eb0                __malloc_free_list
 .bss.__sf      0x20000eb4      0x138 /Applications/STM32CubeIDE.app/Contents/Eclipse/plugins/com.st.stm32cube.ide.mcu.externaltools.gnu-tools-for-stm32.12.3.rel1.macos64_1.1.0.202410301201/tools/bin/../lib/gcc/arm-none-eabi/12.3.1/../../../../arm-none-eabi/lib/thumb/v7e-m+fp/hard/libc_nano.a(libc_a-findfp.o)
                0x20000eb4                __sf
 .bss.__stdio_exit_handler
                0x20000fec        0x4 /Applications/STM32CubeIDE.app/Contents/Eclipse/plugins/com.st.stm32cube.ide.mcu.externaltools.gnu-tools-for-stm32.12.3.rel1.macos64_1.1.0.202410301201/tools/bin/../lib/gcc/arm-none-eabi/12.3.1/../../../../arm-none-eabi/lib/thumb/v7e-m+fp/hard/libc_nano.a(libc_a-findfp.o)
                0x20000fec                __stdio_exit_handler
 .bss.__lock___malloc_recursive_mutex
                0x20000ff0        0x1 /Applications/STM32CubeIDE.app/Contents/Eclipse/plugins/com.st.stm32cube.ide.mcu.externaltools.gnu-tools-for-stm32.12.3.rel1.macos64_1.1.0.202410301201/tools/bin/../lib/gcc/arm-none-eabi/12.3.1/../../../../arm-none-eabi/lib/thumb/v7e-m+fp/hard/libc_nano.a(libc_a-lock.o)
                0x20000ff0                __lock___malloc_recursive_mutex
 .bss.__lock___sfp_recursive_mutex
                0x20000ff1        0x1 /Applications/STM32CubeIDE.app/Contents/Eclipse/plugins/com.st.stm32cube.ide.mcu.externaltools.gnu-tools-for-stm32.12.3.rel1.macos64_1.1.0.202410301201/tools/bin/../lib/gcc/arm-none-eabi/12.3.1/../../../../arm-none-eabi/lib/thumb/v7e-m+fp/hard/libc_nano.a(libc_a-lock.o)
                0x20000ff1                __lock___sfp_recursive_mutex
 *fill*         0x20000ff2        0x2 
 .bss.errno     0x20000ff4        0x4 /Applications/STM32CubeIDE.app/Contents/Eclipse/plugins/com.st.stm32cube.ide.mcu.externaltools.gnu-tools-for-stm32.12.3.rel1.macos64_1.1.0.202410301201/tools/bin/../lib/gcc/arm-none-eabi/12.3.1/../../../../arm-none-eabi/lib/thumb/v7e-m+fp/hard/libc_nano.a(libc_a-reent.o)
                0x20000ff4                errno
 *(COMMON)
                0x20000ff8                        . = ALIGN (0x4)
                0x20000ff8                        _ebss = .
                0x20000ff8                        __bss_end__ = _ebss

._user_heap_stack
                0x20040000     0x1000
                0x20040000                        . = ALIGN (0x8)
                [!provide]                        PROVIDE (end = .)
                0x20040000                        PROVIDE (_end = .)
                0x20040800                        . = (. + _Min_Heap_Size)
 *fill*         0x20040000      0x800 
                0x20041000                        . = (. + _Min_Stack_Size)
 *fill*         0x20040800      0x800 
                0x20041000                        . = ALIGN (0x8)

/DISCARD/
 libc.a(*)
 libm.a(*)
 libgcc.a(*)

.ARM.attributes
                0x00000000       0x30
 *(.ARM.attributes)
 .ARM.attributes
                0x00000000       0x22 /Applications/STM32CubeIDE.app/Contents/Eclipse/plugins/com.st.stm32cube.ide.mcu.externaltools.gnu-tools-for-stm32.12.3.rel1.macos64_1.1.0.202410301201/tools/bin/../lib/gcc/arm-none-eabi/12.3.1/thumb/v7e-m+fp/hard/crti.o
 .ARM.attributes
                0x00000022       0x34 /Applications/STM32CubeIDE.app/Contents/Eclipse/plugins/com.st.stm32cube.ide.mcu.externaltools.gnu-tools-for-stm32.12.3.rel1.macos64_1.1.0.202410301201/tools/bin/../lib/gcc/arm-none-eabi/12.3.1/thumb/v7e-m+fp/hard/crtbegin.o
 .ARM.attributes
                0x00000056       0x34 ./Core/Src/main.o
 .ARM.attributes
                0x0000008a       0x34 ./Core/Src/stm32l4xx_hal_msp.o
 .ARM.attributes
                0x000000be       0x34 ./Core/Src/stm32l4xx_it.o
 .ARM.attributes
                0x000000f2       0x34 ./Core/Src/sysmem.o
 .ARM.attributes
                0x00000126       0x34 ./Core/Src/system_stm32l4xx.o
 .ARM.attributes
                0x0000015a       0x21 ./Core/Startup/startup_stm32l4r9aiix.o
 .ARM.attributes
                0x0000017b       0x34 ./Drivers/STM32L4xx_HAL_Driver/Src/stm32l4xx_hal.o
 .ARM.attributes
                0x000001af       0x34 ./Drivers/STM32L4xx_HAL_Driver/Src/stm32l4xx_hal_cortex.o
 .ARM.attributes
                0x000001e3       0x34 ./Drivers/STM32L4xx_HAL_Driver/Src/stm32l4xx_hal_gpio.o
 .ARM.attributes
                0x00000217       0x34 ./Drivers/STM32L4xx_HAL_Driver/Src/stm32l4xx_hal_i2c.o
 .ARM.attributes
                0x0000024b       0x34 ./Drivers/STM32L4xx_HAL_Driver/Src/stm32l4xx_hal_i2c_ex.o
 .ARM.attributes
                0x0000027f       0x34 ./Drivers/STM32L4xx_HAL_Driver/Src/stm32l4xx_hal_pwr_ex.o
 .ARM.attributes
                0x000002b3       0x34 ./Drivers/STM32L4xx_HAL_Driver/Src/stm32l4xx_hal_rcc.o
 .ARM.attributes
                0x000002e7       0x34 ./Drivers/STM32L4xx_HAL_Driver/Src/stm32l4xx_hal_rcc_ex.o
 .ARM.attributes
                0x0000031b       0x34 ./Drivers/STM32L4xx_HAL_Driver/Src/stm32l4xx_hal_sai.o
 .ARM.attributes
                0x0000034f       0x34 ./Drivers/STM32L4xx_HAL_Driver/Src/stm32l4xx_hal_spi.o
 .ARM.attributes
                0x00000383       0x34 ./Drivers/STM32L4xx_HAL_Driver/Src/stm32l4xx_hal_sram.o
 .ARM.attributes
                0x000003b7       0x34 ./Drivers/STM32L4xx_HAL_Driver/Src/stm32l4xx_hal_uart.o
 .ARM.attributes
                0x000003eb       0x34 ./Drivers/STM32L4xx_HAL_Driver/Src/stm32l4xx_hal_uart_ex.o
 .ARM.attributes
                0x0000041f       0x34 ./Drivers/STM32L4xx_HAL_Driver/Src/stm32l4xx_ll_fmc.o
 .ARM.attributes
                0x00000453       0x34 ./X-CUBE-AI/App/app_x-cube-ai.o
 .ARM.attributes
                0x00000487       0x34 ./X-CUBE-AI/App/machinefailure.o
 .ARM.attributes
                0x000004bb       0x34 ./X-CUBE-AI/App/machinefailure_data.o
 .ARM.attributes
                0x000004ef       0x34 ./X-CUBE-AI/App/machinefailure_data_params.o
 .ARM.attributes
                0x00000523       0x30 ../Middlewares/ST/AI/Lib/NetworkRuntime1000_CM4_GCC.a(ai_platform.o)
 .ARM.attributes
                0x00000553       0x30 ../Middlewares/ST/AI/Lib/NetworkRuntime1000_CM4_GCC.a(ai_platform_interface.o)
 .ARM.attributes
                0x00000583       0x30 ../Middlewares/ST/AI/Lib/NetworkRuntime1000_CM4_GCC.a(core_common.o)
 .ARM.attributes
                0x000005b3       0x30 ../Middlewares/ST/AI/Lib/NetworkRuntime1000_CM4_GCC.a(layers.o)
 .ARM.attributes
                0x000005e3       0x30 ../Middlewares/ST/AI/Lib/NetworkRuntime1000_CM4_GCC.a(layers_conv2d_generic_float.o)
 .ARM.attributes
                0x00000613       0x30 ../Middlewares/ST/AI/Lib/NetworkRuntime1000_CM4_GCC.a(layers_nl_generic_float.o)
 .ARM.attributes
                0x00000643       0x30 ../Middlewares/ST/AI/Lib/NetworkRuntime1000_CM4_GCC.a(lite_nl_softmax_if32of32.o)
 .ARM.attributes
                0x00000673       0x30 ../Middlewares/ST/AI/Lib/NetworkRuntime1000_CM4_GCC.a(lite_nl_relu_if32of32.o)
 .ARM.attributes
                0x000006a3       0x30 ../Middlewares/ST/AI/Lib/NetworkRuntime1000_CM4_GCC.a(lite_dense_if32.o)
 .ARM.attributes
                0x000006d3       0x30 ../Middlewares/ST/AI/Lib/NetworkRuntime1000_CM4_GCC.a(lite_nl_generic_float.o)
 .ARM.attributes
                0x00000703       0x30 ../Middlewares/ST/AI/Lib/NetworkRuntime1000_CM4_GCC.a(st_int8_fill.o)
 .ARM.attributes
                0x00000733       0x30 ../Middlewares/ST/AI/Lib/NetworkRuntime1000_CM4_GCC.a(ai_datatypes_format.o)
 .ARM.attributes
                0x00000763       0x30 ../Middlewares/ST/AI/Lib/NetworkRuntime1000_CM4_GCC.a(ai_datatypes_internal.o)
 .ARM.attributes