../X-CUBE-AI/App/machinefailure.c:443:9:machinefailure_configure_activations	16	static
../X-CUBE-AI/App/machinefailure.c:480:9:machinefailure_configure_weights	16	static
../X-CUBE-AI/App/machinefailure.c:525:9:ai_machinefailure_get_info	160	static
../X-CUBE-AI/App/machinefailure.c:572:9:ai_machinefailure_get_report	160	static
../X-CUBE-AI/App/machinefailure.c:619:10:ai_machinefailure_get_error	16	static
../X-CUBE-AI/App/machinefailure.c:626:10:ai_machinefailure_create	24	static
../X-CUBE-AI/App/machinefailure.c:637:10:ai_machinefailure_create_and_init	88	static
../X-CUBE-AI/App/machinefailure.c:672:12:ai_machinefailure_inputs_get	16	static
../X-CUBE-AI/App/machinefailure.c:683:12:ai_machinefailure_outputs_get	16	static
../X-CUBE-AI/App/machinefailure.c:694:11:ai_machinefailure_destroy	16	static
../X-CUBE-AI/App/machinefailure.c:701:9:ai_machinefailure_init	24	static
../X-CUBE-AI/App/machinefailure.c:718:8:ai_machinefailure_run	24	static
../X-CUBE-AI/App/machinefailure.c:726:8:ai_machinefailure_forward	16	static
